Archive member included to satisfy reference by file (symbol)

D:/Docs/msys32/home/jdgal/esp/Projects/myBlink/build/cxx\libcxx.a(cxx_exception_stubs.o)
                              (__cxx_fatal_exception)
D:/Docs/msys32/home/jdgal/esp/Projects/myBlink/build/cxx\libcxx.a(cxx_guards.o)
                              (__cxa_guard_dummy)
D:/Docs/msys32/home/jdgal/esp/Projects/myBlink/build/esp32\libesp32.a(cpu_start.o)
                              (call_start_cpu0)
D:/Docs/msys32/home/jdgal/esp/Projects/myBlink/build/esp32\libesp32.a(dbg_stubs.o)
                              D:/Docs/msys32/home/jdgal/esp/Projects/myBlink/build/esp32\libesp32.a(cpu_start.o) (esp_dbg_stubs_init)
D:/Docs/msys32/home/jdgal/esp/Projects/myBlink/build/esp32\libesp32.a(task_wdt.o)
                              D:/Docs/msys32/home/jdgal/esp/Projects/myBlink/build/esp32\libesp32.a(cpu_start.o) (esp_task_wdt_init)
D:/Docs/msys32/home/jdgal/esp/Projects/myBlink/build/esp32\libesp32.a(reset_reason.o)
                              D:/Docs/msys32/home/jdgal/esp/Projects/myBlink/build/esp32\libesp32.a(task_wdt.o) (esp_reset_reason_set_hint)
D:/Docs/msys32/home/jdgal/esp/Projects/myBlink/build/esp32\libesp32.a(panic.o)
                              D:/Docs/msys32/home/jdgal/esp/Projects/myBlink/build/cxx\libcxx.a(cxx_exception_stubs.o) (abort)
D:/Docs/msys32/home/jdgal/esp/Projects/myBlink/build/esp32\libesp32.a(dport_panic_highint_hdl.o)
                              (ld_include_panic_highint_hdl)
D:/Docs/msys32/home/jdgal/esp/Projects/myBlink/build/esp32\libesp32.a(int_wdt.o)
                              D:/Docs/msys32/home/jdgal/esp/Projects/myBlink/build/esp32\libesp32.a(dport_panic_highint_hdl.o) (int_wdt_app_cpu_ticked)
D:/Docs/msys32/home/jdgal/esp/Projects/myBlink/build/esp32\libesp32.a(brownout.o)
                              D:/Docs/msys32/home/jdgal/esp/Projects/myBlink/build/esp32\libesp32.a(cpu_start.o) (esp_brownout_init)
D:/Docs/msys32/home/jdgal/esp/Projects/myBlink/build/esp32\libesp32.a(system_api.o)
                              D:/Docs/msys32/home/jdgal/esp/Projects/myBlink/build/esp32\libesp32.a(panic.o) (esp_restart_noos)
D:/Docs/msys32/home/jdgal/esp/Projects/myBlink/build/esp32\libesp32.a(dport_access.o)
                              D:/Docs/msys32/home/jdgal/esp/Projects/myBlink/build/esp32\libesp32.a(dport_panic_highint_hdl.o) (dport_access_start)
D:/Docs/msys32/home/jdgal/esp/Projects/myBlink/build/esp32\libesp32.a(esp_timer.o)
                              D:/Docs/msys32/home/jdgal/esp/Projects/myBlink/build/esp32\libesp32.a(cpu_start.o) (esp_timer_init)
D:/Docs/msys32/home/jdgal/esp/Projects/myBlink/build/esp32\libesp32.a(esp_err_to_name.o)
                              D:/Docs/msys32/home/jdgal/esp/Projects/myBlink/build/esp32\libesp32.a(panic.o) (esp_err_to_name)
D:/Docs/msys32/home/jdgal/esp/Projects/myBlink/build/esp32\libesp32.a(intr_alloc.o)
                              D:/Docs/msys32/home/jdgal/esp/Projects/myBlink/build/esp32\libesp32.a(task_wdt.o) (esp_intr_alloc)
D:/Docs/msys32/home/jdgal/esp/Projects/myBlink/build/esp32\libesp32.a(ipc.o)
                              D:/Docs/msys32/home/jdgal/esp/Projects/myBlink/build/esp32\libesp32.a(cpu_start.o) (esp_ipc_init)
D:/Docs/msys32/home/jdgal/esp/Projects/myBlink/build/esp32\libesp32.a(cache_err_int.o)
                              D:/Docs/msys32/home/jdgal/esp/Projects/myBlink/build/esp32\libesp32.a(cpu_start.o) (esp_cache_err_int_init)
D:/Docs/msys32/home/jdgal/esp/Projects/myBlink/build/esp32\libesp32.a(freertos_hooks.o)
                              D:/Docs/msys32/home/jdgal/esp/Projects/myBlink/build/esp32\libesp32.a(task_wdt.o) (esp_register_freertos_idle_hook_for_cpu)
D:/Docs/msys32/home/jdgal/esp/Projects/myBlink/build/esp32\libesp32.a(clk.o)
                              D:/Docs/msys32/home/jdgal/esp/Projects/myBlink/build/esp32\libesp32.a(cpu_start.o) (esp_clk_init)
D:/Docs/msys32/home/jdgal/esp/Projects/myBlink/build/esp32\libesp32.a(esp_timer_esp32.o)
                              D:/Docs/msys32/home/jdgal/esp/Projects/myBlink/build/esp32\libesp32.a(esp_timer.o) (esp_timer_impl_get_time)
D:/Docs/msys32/home/jdgal/esp/Projects/myBlink/build/esp32\libesp32.a(crosscore_int.o)
                              D:/Docs/msys32/home/jdgal/esp/Projects/myBlink/build/esp32\libesp32.a(cpu_start.o) (esp_crosscore_int_init)
D:/Docs/msys32/home/jdgal/esp/esp-idf/components/esp32/libhal.a(int_asm--set_intclear.o)
                              D:/Docs/msys32/home/jdgal/esp/Projects/myBlink/build/esp32\libesp32.a(intr_alloc.o) (xthal_set_intclear)
D:/Docs/msys32/home/jdgal/esp/Projects/myBlink/build/freertos\libfreertos.a(FreeRTOS-openocd.o)
                              (uxTopUsedPriority)
D:/Docs/msys32/home/jdgal/esp/Projects/myBlink/build/freertos\libfreertos.a(tasks.o)
                              D:/Docs/msys32/home/jdgal/esp/Projects/myBlink/build/esp32\libesp32.a(system_api.o) (vTaskSuspendAll)
[...]
Memory Configuration

Name             Origin             Length             Attributes
iram0_0_seg      0x40080000         0x00020000         xr
iram0_2_seg      0x400d0018         0x0032ffe8         xr
dram0_0_seg      0x3ffb0000         0x0002c200         rw
drom0_0_seg      0x3f400018         0x003fffe8         r
rtc_iram_seg     0x400c0000         0x00002000         xrw
rtc_slow_seg     0x50000000         0x00001000         rw
*default*        0x00000000         0xffffffff

Linker script and memory map

START GROUP
LOAD D:/Docs/msys32/home/jdgal/esp/Projects/myBlink/build/app_trace\libapp_trace.a
LOAD D:/Docs/msys32/home/jdgal/esp/Projects/myBlink/build/app_update\libapp_update.a
LOAD D:/Docs/msys32/home/jdgal/esp/Projects/myBlink/build/asio\libasio.a
LOAD D:/Docs/msys32/home/jdgal/esp/Projects/myBlink/build/bootloader_support\libbootloader_support.a
LOAD D:/Docs/msys32/home/jdgal/esp/Projects/myBlink/build/bt\libbt.a
LOAD D:/Docs/msys32/home/jdgal/esp/Projects/myBlink/build/coap\libcoap.a
LOAD D:/Docs/msys32/home/jdgal/esp/Projects/myBlink/build/console\libconsole.a
LOAD D:/Docs/msys32/home/jdgal/esp/Projects/myBlink/build/cxx\libcxx.a
LOAD D:/Docs/msys32/home/jdgal/esp/Projects/myBlink/build/driver\libdriver.a
LOAD D:/Docs/msys32/home/jdgal/esp/Projects/myBlink/build/esp-tls\libesp-tls.a
LOAD D:/Docs/msys32/home/jdgal/esp/Projects/myBlink/build/esp32\libesp32.a
LOAD D:/Docs/msys32/home/jdgal/esp/esp-idf/components/esp32/libhal.a
LOAD D:/Docs/msys32/home/jdgal/esp/esp-idf/components/esp32/lib\libcore.a
LOAD D:/Docs/msys32/home/jdgal/esp/esp-idf/components/esp32/lib\librtc.a
LOAD D:/Docs/msys32/home/jdgal/esp/esp-idf/components/esp32/lib\libnet80211.a
LOAD D:/Docs/msys32/home/jdgal/esp/esp-idf/components/esp32/lib\libpp.a
LOAD D:/Docs/msys32/home/jdgal/esp/esp-idf/components/esp32/lib\libwpa.a
LOAD D:/Docs/msys32/home/jdgal/esp/esp-idf/components/esp32/lib\libsmartconfig.a
LOAD D:/Docs/msys32/home/jdgal/esp/esp-idf/components/esp32/lib\libcoexist.a
LOAD D:/Docs/msys32/home/jdgal/esp/esp-idf/components/esp32/lib\libwps.a
LOAD D:/Docs/msys32/home/jdgal/esp/esp-idf/components/esp32/lib\libwpa2.a
LOAD D:/Docs/msys32/home/jdgal/esp/esp-idf/components/esp32/lib\libespnow.a
LOAD D:/Docs/msys32/home/jdgal/esp/esp-idf/components/esp32/lib\libphy.a
LOAD D:/Docs/msys32/home/jdgal/esp/esp-idf/components/esp32/lib\libmesh.a
LOAD D:/Docs/msys32/home/jdgal/esp/Projects/myBlink/build/esp_adc_cal\libesp_adc_cal.a
LOAD D:/Docs/msys32/home/jdgal/esp/Projects/myBlink/build/esp_http_client\libesp_http_client.a
LOAD D:/Docs/msys32/home/jdgal/esp/Projects/myBlink/build/esp_https_ota\libesp_https_ota.a
LOAD D:/Docs/msys32/home/jdgal/esp/Projects/myBlink/build/ethernet\libethernet.a
LOAD D:/Docs/msys32/home/jdgal/esp/Projects/myBlink/build/expat\libexpat.a
LOAD D:/Docs/msys32/home/jdgal/esp/Projects/myBlink/build/fatfs\libfatfs.a
LOAD D:/Docs/msys32/home/jdgal/esp/Projects/myBlink/build/freertos\libfreertos.a
LOAD D:/Docs/msys32/home/jdgal/esp/Projects/myBlink/build/heap\libheap.a
LOAD D:/Docs/msys32/home/jdgal/esp/Projects/myBlink/build/http_server\libhttp_server.a
LOAD D:/Docs/msys32/home/jdgal/esp/Projects/myBlink/build/idf_test\libidf_test.a
LOAD D:/Docs/msys32/home/jdgal/esp/Projects/myBlink/build/jsmn\libjsmn.a
LOAD D:/Docs/msys32/home/jdgal/esp/Projects/myBlink/build/json\libjson.a
LOAD D:/Docs/msys32/home/jdgal/esp/Projects/myBlink/build/libsodium\liblibsodium.a
LOAD D:/Docs/msys32/home/jdgal/esp/Projects/myBlink/build/log\liblog.a
LOAD D:/Docs/msys32/home/jdgal/esp/Projects/myBlink/build/lwip\liblwip.a
LOAD D:/Docs/msys32/home/jdgal/esp/Projects/myBlink/build/main\libmain.a
LOAD D:/Docs/msys32/home/jdgal/esp/Projects/myBlink/build/mbedtls\libmbedtls.a
LOAD D:/Docs/msys32/home/jdgal/esp/Projects/myBlink/build/mdns\libmdns.a
LOAD D:/Docs/msys32/home/jdgal/esp/Projects/myBlink/build/micro-ecc\libmicro-ecc.a
LOAD D:/Docs/msys32/home/jdgal/esp/esp-idf/components/newlib/lib/libc.a
LOAD D:/Docs/msys32/home/jdgal/esp/esp-idf/components/newlib/lib/libm.a
LOAD D:/Docs/msys32/home/jdgal/esp/Projects/myBlink/build/newlib\libnewlib.a
LOAD D:/Docs/msys32/home/jdgal/esp/Projects/myBlink/build/nghttp\libnghttp.a
LOAD D:/Docs/msys32/home/jdgal/esp/Projects/myBlink/build/nvs_flash\libnvs_flash.a
LOAD D:/Docs/msys32/home/jdgal/esp/Projects/myBlink/build/openssl\libopenssl.a
LOAD D:/Docs/msys32/home/jdgal/esp/Projects/myBlink/build/pthread\libpthread.a
LOAD D:/Docs/msys32/home/jdgal/esp/Projects/myBlink/build/sdmmc\libsdmmc.a
LOAD D:/Docs/msys32/home/jdgal/esp/Projects/myBlink/build/smartconfig_ack\libsmartconfig_ack.a
LOAD D:/Docs/msys32/home/jdgal/esp/Projects/myBlink/build/soc\libsoc.a
LOAD D:/Docs/msys32/home/jdgal/esp/Projects/myBlink/build/spi_flash\libspi_flash.a
LOAD D:/Docs/msys32/home/jdgal/esp/Projects/myBlink/build/spiffs\libspiffs.a
LOAD D:/Docs/msys32/home/jdgal/esp/Projects/myBlink/build/tcpip_adapter\libtcpip_adapter.a
LOAD D:/Docs/msys32/home/jdgal/esp/Projects/myBlink/build/ulp\libulp.a
LOAD D:/Docs/msys32/home/jdgal/esp/Projects/myBlink/build/vfs\libvfs.a
LOAD D:/Docs/msys32/home/jdgal/esp/Projects/myBlink/build/wear_levelling\libwear_levelling.a
LOAD D:/Docs/msys32/home/jdgal/esp/Projects/myBlink/build/wpa_supplicant\libwpa_supplicant.a
LOAD D:/Docs/msys32/home/jdgal/esp/Projects/myBlink/build/xtensa-debug-module\libxtensa-debug-module.a
LOAD d:/docs/msys32/opt/xtensa-esp32-elf/bin/../lib/gcc/xtensa-esp32-elf/5.2.0\libgcc.a
LOAD d:/docs/msys32/opt/xtensa-esp32-elf/bin/../lib/gcc/xtensa-esp32-elf/5.2.0/../../../../xtensa-esp32-elf/lib\libstdc++.a
LOAD d:/docs/msys32/opt/xtensa-esp32-elf/bin/../lib/gcc/xtensa-esp32-elf/5.2.0\libgcov.a
END GROUP
                0x40000000                _heap_end = 0x40000000

.rtc.text       0x400c0000        0x0
                0x400c0000                . = ALIGN (0x4)
 *(.rtc.literal .rtc.text)
 *rtc_wake_stub*.o(.literal .text .literal.* .text.*)

.rtc.data       0x50000000        0x0
                0x50000000                _rtc_data_start = ABSOLUTE (.)
 *(.rtc.data)
 *(.rtc.rodata)
 *rtc_wake_stub*.o(.data .rodata .data.* .rodata.* .bss .bss.*)
                0x50000000                _rtc_data_end = ABSOLUTE (.)

.rtc.bss        0x50000000        0x0
                0x50000000                _rtc_bss_start = ABSOLUTE (.)
 *rtc_wake_stub*.o(.bss .bss.*)
 *rtc_wake_stub*.o(COMMON)
 *(.rtc.bss)
                0x50000000                _rtc_bss_end = ABSOLUTE (.)

.rtc_noinit     0x50000000        0x0
                0x50000000                . = ALIGN (0x4)
                0x50000000                _rtc_noinit_start = ABSOLUTE (.)
 *(.rtc_noinit .rtc_noinit.*)
                0x50000000                . = ALIGN (0x4)
                0x50000000                _rtc_noinit_end = ABSOLUTE (.)

.iram0.vectors  0x40080000      0x400
                0x40080000                _iram_start = ABSOLUTE (.)
                0x40080000                _init_start = ABSOLUTE (.)
                0x00000000                . = 0x0
 *(.WindowVectors.text)
 .WindowVectors.text
                0x40080000      0x16a D:/Docs/msys32/home/jdgal/esp/Projects/myBlink/build/freertos\libfreertos.a(xtensa_vectors.o)
                0x40080000                _WindowOverflow4
                0x40080040                _WindowUnderflow4
                0x40080050                _xt_alloca_exc
                0x40080080                _WindowOverflow8
                0x400800c0                _WindowUnderflow8
                0x40080100                _WindowOverflow12
                0x40080140                _WindowUnderflow12
                0x00000180                . = 0x180
 *fill*         0x4008016a       0x16 
 *(.Level2InterruptVector.text)
 .Level2InterruptVector.text
                0x40080180        0x6 D:/Docs/msys32/home/jdgal/esp/Projects/myBlink/build/freertos\libfreertos.a(xtensa_vectors.o)
                0x40080180                _Level2Vector
                0x000001c0                . = 0x1c0
 *fill*         0x40080186       0x3a 
 *(.Level3InterruptVector.text)
 .Level3InterruptVector.text
                0x400801c0        0x6 D:/Docs/msys32/home/jdgal/esp/Projects/myBlink/build/freertos\libfreertos.a(xtensa_vectors.o)
                0x400801c0                _Level3Vector
                0x00000200                . = 0x200
 *fill*         0x400801c6       0x3a 
 *(.Level4InterruptVector.text)
 .Level4InterruptVector.text
                0x40080200        0x6 D:/Docs/msys32/home/jdgal/esp/Projects/myBlink/build/freertos\libfreertos.a(xtensa_vectors.o)
                0x40080200                _Level4Vector
                0x00000240                . = 0x240
 *fill*         0x40080206       0x3a 
 *(.Level5InterruptVector.text)
 .Level5InterruptVector.text
                0x40080240        0x6 D:/Docs/msys32/home/jdgal/esp/Projects/myBlink/build/freertos\libfreertos.a(xtensa_vectors.o)
                0x40080240                _Level5Vector
                0x00000280                . = 0x280
 *fill*         0x40080246       0x3a 
 *(.DebugExceptionVector.text)
 .DebugExceptionVector.text
                0x40080280        0x6 D:/Docs/msys32/home/jdgal/esp/Projects/myBlink/build/freertos\libfreertos.a(xtensa_vectors.o)
                0x40080280                _DebugExceptionVector
                0x000002c0                . = 0x2c0
 *fill*         0x40080286       0x3a 
 *(.NMIExceptionVector.text)
 .NMIExceptionVector.text
                0x400802c0        0x6 D:/Docs/msys32/home/jdgal/esp/Projects/myBlink/build/freertos\libfreertos.a(xtensa_vectors.o)
                0x400802c0                _NMIExceptionVector
                0x00000300                . = 0x300
 *fill*         0x400802c6       0x3a 
 *(.KernelExceptionVector.text)
 .KernelExceptionVector.text
                0x40080300        0x6 D:/Docs/msys32/home/jdgal/esp/Projects/myBlink/build/freertos\libfreertos.a(xtensa_vectors.o)
                0x40080300                _KernelExceptionVector
                0x00000340                . = 0x340
 *fill*         0x40080306       0x3a 
 *(.UserExceptionVector.text)
 .UserExceptionVector.text
                0x40080340        0x6 D:/Docs/msys32/home/jdgal/esp/Projects/myBlink/build/freertos\libfreertos.a(xtensa_vectors.o)
                0x40080340                _UserExceptionVector
                0x000003c0                . = 0x3c0
 *fill*         0x40080346       0x7a 
 *(.DoubleExceptionVector.text)
 .DoubleExceptionVector.text
                0x400803c0        0xf D:/Docs/msys32/home/jdgal/esp/Projects/myBlink/build/freertos\libfreertos.a(xtensa_vectors.o)
                0x400803c0                _DoubleExceptionVector
                0x00000400                . = 0x400
 *fill*         0x400803cf       0x31 
 *(.*Vector.literal)
 *(.UserEnter.literal)
 *(.UserEnter.text)
                0x40080400                . = ALIGN (0x10)
 *(.entry.text)
 *(.init.literal)
 *(.init)
                0x40080400                _init_end = ABSOLUTE (.)

.iram0.text     0x40080400     0x8c0c
                0x40080400                _iram_text_start = ABSOLUTE (.)
 *(.iram1 .iram1.*)
 .iram1.literal
                0x40080400       0xa8 D:/Docs/msys32/home/jdgal/esp/Projects/myBlink/build/esp32\libesp32.a(cpu_start.o)
                                0x1c0 (size before relaxing)
 .iram1.literal
                0x400804a8       0x18 D:/Docs/msys32/home/jdgal/esp/Projects/myBlink/build/esp32\libesp32.a(reset_reason.o)
                                 0x20 (size before relaxing)
 .iram1.literal
                0x400804c0       0x24 D:/Docs/msys32/home/jdgal/esp/Projects/myBlink/build/esp32\libesp32.a(dport_panic_highint_hdl.o)
                                 0x28 (size before relaxing)
 .iram1.literal
                0x400804e4        0x8 D:/Docs/msys32/home/jdgal/esp/Projects/myBlink/build/esp32\libesp32.a(int_wdt.o)
                                  0xc (size before relaxing)
 .iram1.literal
                0x400804ec       0x54 D:/Docs/msys32/home/jdgal/esp/Projects/myBlink/build/esp32\libesp32.a(system_api.o)
                                 0xd0 (size before relaxing)
 .iram1.literal
                0x40080540       0x28 D:/Docs/msys32/home/jdgal/esp/Projects/myBlink/build/esp32\libesp32.a(dport_access.o)
                                 0x88 (size before relaxing)
 .iram1.literal
                0x40080568       0x24 D:/Docs/msys32/home/jdgal/esp/Projects/myBlink/build/esp32\libesp32.a(esp_timer.o)
                                 0x60 (size before relaxing)
 .iram1.literal
                0x4008058c       0x20 D:/Docs/msys32/home/jdgal/esp/Projects/myBlink/build/esp32\libesp32.a(intr_alloc.o)
                                 0x7c (size before relaxing)
 .iram1.literal
                0x400805ac       0x20 D:/Docs/msys32/home/jdgal/esp/Projects/myBlink/build/esp32\libesp32.a(ipc.o)
                                 0x34 (size before relaxing)
 .iram1.literal
                0x400805cc        0xc D:/Docs/msys32/home/jdgal/esp/Projects/myBlink/build/esp32\libesp32.a(cache_err_int.o)
                                 0x18 (size before relaxing)
 .iram1.literal
                0x400805d8        0x4 D:/Docs/msys32/home/jdgal/esp/Projects/myBlink/build/esp32\libesp32.a(freertos_hooks.o)
 .iram1.literal
                0x400805dc        0xc D:/Docs/msys32/home/jdgal/esp/Projects/myBlink/build/esp32\libesp32.a(clk.o)
                                 0x20 (size before relaxing)
 .iram1.literal
                0x400805e8       0x60 D:/Docs/msys32/home/jdgal/esp/Projects/myBlink/build/esp32\libesp32.a(esp_timer_esp32.o)
                                 0xf8 (size before relaxing)
 .iram1.literal
                0x40080648       0x1c D:/Docs/msys32/home/jdgal/esp/Projects/myBlink/build/esp32\libesp32.a(crosscore_int.o)
                                 0x40 (size before relaxing)
 .iram1.literal
                0x40080664        0x4 D:/Docs/msys32/home/jdgal/esp/Projects/myBlink/build/freertos\libfreertos.a(port.o)
 .iram1.literal
                0x40080668       0x44 D:/Docs/msys32/home/jdgal/esp/Projects/myBlink/build/freertos\libfreertos.a(xtensa_vectors.o)
                                 0x68 (size before relaxing)
 .iram1.literal
                0x400806ac       0x58 D:/Docs/msys32/home/jdgal/esp/Projects/myBlink/build/heap\libheap.a(heap_caps.o)
                                 0xb0 (size before relaxing)
 .iram1.literal
                0x40080704       0x24 D:/Docs/msys32/home/jdgal/esp/Projects/myBlink/build/log\liblog.a(log.o)
                                 0x48 (size before relaxing)
 .iram1.literal
                0x40080728       0x14 D:/Docs/msys32/home/jdgal/esp/Projects/myBlink/build/newlib\libnewlib.a(locks.o)
                                 0x90 (size before relaxing)
 .iram1.literal
                0x4008073c        0x4 D:/Docs/msys32/home/jdgal/esp/Projects/myBlink/build/newlib\libnewlib.a(syscalls.o)
                                 0x14 (size before relaxing)
 .iram1.literal
                0x40080740        0x8 D:/Docs/msys32/home/jdgal/esp/Projects/myBlink/build/newlib\libnewlib.a(reent_init.o)
                                 0x10 (size before relaxing)
 .iram1.literal
                0x40080748        0x4 D:/Docs/msys32/home/jdgal/esp/Projects/myBlink/build/newlib\libnewlib.a(time.o)
                                 0x1c (size before relaxing)
 .iram1.literal
                0x4008074c       0x1c D:/Docs/msys32/home/jdgal/esp/Projects/myBlink/build/soc\libsoc.a(cpu_util.o)
                                 0x30 (size before relaxing)
 .iram1.literal
                0x40080768       0x38 D:/Docs/msys32/home/jdgal/esp/Projects/myBlink/build/spi_flash\libspi_flash.a(flash_ops.o)
                                 0xe4 (size before relaxing)
 .iram1.literal
                0x400807a0       0x50 D:/Docs/msys32/home/jdgal/esp/Projects/myBlink/build/spi_flash\libspi_flash.a(cache_utils.o)
                                0x120 (size before relaxing)
 .iram1.literal
                0x400807f0       0x4c D:/Docs/msys32/home/jdgal/esp/Projects/myBlink/build/spi_flash\libspi_flash.a(flash_mmap.o)
                                0x11c (size before relaxing)
 .literal.prvResetNextTaskUnblockTime
                0x4008083c        0x8 D:/Docs/msys32/home/jdgal/esp/Projects/myBlink/build/freertos\libfreertos.a(tasks.o)
 .literal.prvDeleteTLS
                0x40080844       0x10 D:/Docs/msys32/home/jdgal/esp/Projects/myBlink/build/freertos\libfreertos.a(tasks.o)
                                 0x18 (size before relaxing)
 .literal.prvInitialiseNewTask
                0x40080854        0x0 D:/Docs/msys32/home/jdgal/esp/Projects/myBlink/build/freertos\libfreertos.a(tasks.o)
                                 0x18 (size before relaxing)
 .literal.prvInitialiseTaskLists
                0x40080854       0x20 D:/Docs/msys32/home/jdgal/esp/Projects/myBlink/build/freertos\libfreertos.a(tasks.o)
                                 0x40 (size before relaxing)
 .literal.prvDeleteTCB
                0x40080874        0x8 D:/Docs/msys32/home/jdgal/esp/Projects/myBlink/build/freertos\libfreertos.a(tasks.o)
                                 0x2c (size before relaxing)
 .literal.prvAddCurrentTaskToDelayedList
                0x4008087c        0x4 D:/Docs/msys32/home/jdgal/esp/Projects/myBlink/build/freertos\libfreertos.a(tasks.o)
                                 0x1c (size before relaxing)
 .literal.taskYIELD_OTHER_CORE
                0x40080880        0x0 D:/Docs/msys32/home/jdgal/esp/Projects/myBlink/build/freertos\libfreertos.a(tasks.o)
                                 0x10 (size before relaxing)
 .literal.vTaskSuspendAll
                0x40080880        0x4 D:/Docs/msys32/home/jdgal/esp/Projects/myBlink/build/freertos\libfreertos.a(tasks.o)
                                  0x8 (size before relaxing)
 .literal.xTaskGetIdleTaskHandleForCPU
                0x40080884        0xc D:/Docs/msys32/home/jdgal/esp/Projects/myBlink/build/freertos\libfreertos.a(tasks.o)
                                 0x1c (size before relaxing)
 .literal.vTaskSwitchContext
                0x40080890       0x18 D:/Docs/msys32/home/jdgal/esp/Projects/myBlink/build/freertos\libfreertos.a(tasks.o)
                                 0x3c (size before relaxing)
 .literal.vTaskSetTimeOutState
                0x400808a8        0xc D:/Docs/msys32/home/jdgal/esp/Projects/myBlink/build/freertos\libfreertos.a(tasks.o)
                                 0x20 (size before relaxing)
 .literal.xTaskGetCurrentTaskHandle
                0x400808b4        0x0 D:/Docs/msys32/home/jdgal/esp/Projects/myBlink/build/freertos\libfreertos.a(tasks.o)
                                  0x8 (size before relaxing)
 .literal.__getreent
                0x400808b4        0x0 D:/Docs/msys32/home/jdgal/esp/Projects/myBlink/build/freertos\libfreertos.a(tasks.o)
                                  0x8 (size before relaxing)
 .literal.pcTaskGetTaskName
                0x400808b4        0x8 D:/Docs/msys32/home/jdgal/esp/Projects/myBlink/build/freertos\libfreertos.a(tasks.o)
                                 0x1c (size before relaxing)
 .literal.xTaskGetAffinity
                0x400808bc        0x0 D:/Docs/msys32/home/jdgal/esp/Projects/myBlink/build/freertos\libfreertos.a(tasks.o)
                                  0x4 (size before relaxing)
 .literal.xTaskGetCurrentTaskHandleForCPU
                0x400808bc        0x0 D:/Docs/msys32/home/jdgal/esp/Projects/myBlink/build/freertos\libfreertos.a(tasks.o)
                                  0x4 (size before relaxing)
 .literal.xTaskGetSchedulerState
                0x400808bc        0x4 D:/Docs/msys32/home/jdgal/esp/Projects/myBlink/build/freertos\libfreertos.a(tasks.o)
                                  0xc (size before relaxing)
 .literal.vTaskEnterCritical
                0x400808c0       0x20 D:/Docs/msys32/home/jdgal/esp/Projects/myBlink/build/freertos\libfreertos.a(tasks.o)
                                 0x34 (size before relaxing)
 .literal.vTaskExitCritical
                0x400808e0        0xc D:/Docs/msys32/home/jdgal/esp/Projects/myBlink/build/freertos\libfreertos.a(tasks.o)
                                 0x28 (size before relaxing)
 .literal.prvAddNewTaskToReadyList
                0x400808ec       0x10 D:/Docs/msys32/home/jdgal/esp/Projects/myBlink/build/freertos\libfreertos.a(tasks.o)
                                 0x58 (size before relaxing)
 .literal.xTaskCreatePinnedToCore
                0x400808fc        0x0 D:/Docs/msys32/home/jdgal/esp/Projects/myBlink/build/freertos\libfreertos.a(tasks.o)
                                 0x18 (size before relaxing)
 .literal.vTaskStartScheduler
                0x400808fc       0x10 D:/Docs/msys32/home/jdgal/esp/Projects/myBlink/build/freertos\libfreertos.a(tasks.o)
                                 0x3c (size before relaxing)
 .literal.vTaskDelete
                0x4008090c        0x8 D:/Docs/msys32/home/jdgal/esp/Projects/myBlink/build/freertos\libfreertos.a(tasks.o)
                                 0x60 (size before relaxing)
 .literal.vTaskDelay
                0x40080914        0x4 D:/Docs/msys32/home/jdgal/esp/Projects/myBlink/build/freertos\libfreertos.a(tasks.o)
                                 0x38 (size before relaxing)
 .literal.uxTaskPriorityGet
                0x40080918        0x0 D:/Docs/msys32/home/jdgal/esp/Projects/myBlink/build/freertos\libfreertos.a(tasks.o)
                                 0x10 (size before relaxing)
 .literal.vTaskPrioritySet
                0x40080918        0x4 D:/Docs/msys32/home/jdgal/esp/Projects/myBlink/build/freertos\libfreertos.a(tasks.o)
                                 0x44 (size before relaxing)
 .literal.prvCheckTasksWaitingTermination
                0x4008091c        0x8 D:/Docs/msys32/home/jdgal/esp/Projects/myBlink/build/freertos\libfreertos.a(tasks.o)
                                 0x30 (size before relaxing)
 .literal.prvIdleTask
                0x40080924        0x0 D:/Docs/msys32/home/jdgal/esp/Projects/myBlink/build/freertos\libfreertos.a(tasks.o)
                                  0xc (size before relaxing)
 .literal.xTaskGetTickCount
                0x40080924        0x4 D:/Docs/msys32/home/jdgal/esp/Projects/myBlink/build/freertos\libfreertos.a(tasks.o)
                                 0x10 (size before relaxing)
 .literal.xTaskIncrementTick
                0x40080928        0xc D:/Docs/msys32/home/jdgal/esp/Projects/myBlink/build/freertos\libfreertos.a(tasks.o)
                                 0x78 (size before relaxing)
 .literal.xTaskResumeAll
                0x40080934        0x8 D:/Docs/msys32/home/jdgal/esp/Projects/myBlink/build/freertos\libfreertos.a(tasks.o)
                                 0x5c (size before relaxing)
 .literal.vTaskPlaceOnEventList
                0x4008093c        0x8 D:/Docs/msys32/home/jdgal/esp/Projects/myBlink/build/freertos\libfreertos.a(tasks.o)
                                 0x40 (size before relaxing)
 .literal.vTaskPlaceOnEventListRestricted
                0x40080944        0x8 D:/Docs/msys32/home/jdgal/esp/Projects/myBlink/build/freertos\libfreertos.a(tasks.o)
                                 0x38 (size before relaxing)
 .literal.xTaskRemoveFromEventList
                0x4008094c        0x8 D:/Docs/msys32/home/jdgal/esp/Projects/myBlink/build/freertos\libfreertos.a(tasks.o)
                                 0x58 (size before relaxing)
 .literal.xTaskCheckForTimeOut
                0x40080954        0xc D:/Docs/msys32/home/jdgal/esp/Projects/myBlink/build/freertos\libfreertos.a(tasks.o)
                                 0x3c (size before relaxing)
 .literal.vTaskPriorityInherit
                0x40080960        0x0 D:/Docs/msys32/home/jdgal/esp/Projects/myBlink/build/freertos\libfreertos.a(tasks.o)
                                 0x2c (size before relaxing)
 .literal.xTaskPriorityDisinherit
                0x40080960        0x8 D:/Docs/msys32/home/jdgal/esp/Projects/myBlink/build/freertos\libfreertos.a(tasks.o)
                                 0x40 (size before relaxing)
 .literal.pvTaskIncrementMutexHeldCount
                0x40080968        0x0 D:/Docs/msys32/home/jdgal/esp/Projects/myBlink/build/freertos\libfreertos.a(tasks.o)
                                 0x10 (size before relaxing)
 .literal.pxPortInitialiseStack
                0x40080968       0x10 D:/Docs/msys32/home/jdgal/esp/Projects/myBlink/build/freertos\libfreertos.a(port.o)
                                 0x18 (size before relaxing)
 .literal.xPortStartScheduler
                0x40080978        0x0 D:/Docs/msys32/home/jdgal/esp/Projects/myBlink/build/freertos\libfreertos.a(port.o)
                                 0x14 (size before relaxing)
 .literal.xPortSysTickHandler
                0x40080978        0x0 D:/Docs/msys32/home/jdgal/esp/Projects/myBlink/build/freertos\libfreertos.a(port.o)
                                  0x8 (size before relaxing)
 .literal.vPortYieldOtherCore
                0x40080978        0x0 D:/Docs/msys32/home/jdgal/esp/Projects/myBlink/build/freertos\libfreertos.a(port.o)
                                  0x4 (size before relaxing)
 .literal.vPortReleaseTaskMPUSettings
                0x40080978        0x0 D:/Docs/msys32/home/jdgal/esp/Projects/myBlink/build/freertos\libfreertos.a(port.o)
                                  0x4 (size before relaxing)
 .literal.xPortInIsrContext
                0x40080978        0x0 D:/Docs/msys32/home/jdgal/esp/Projects/myBlink/build/freertos\libfreertos.a(port.o)
                                  0x8 (size before relaxing)
 .literal.vPortCPUInitializeMutex
                0x40080978        0x0 D:/Docs/msys32/home/jdgal/esp/Projects/myBlink/build/freertos\libfreertos.a(port.o)
                                  0x4 (size before relaxing)
 .literal.vPortCPUAcquireMutex
                0x40080978       0x14 D:/Docs/msys32/home/jdgal/esp/Projects/myBlink/build/freertos\libfreertos.a(port.o)
                                 0x30 (size before relaxing)
 .literal.vPortCPUReleaseMutex
                0x4008098c        0xc D:/Docs/msys32/home/jdgal/esp/Projects/myBlink/build/freertos\libfreertos.a(port.o)
                                 0x20 (size before relaxing)
 .literal._xt_tick_divisor_init
                0x40080998        0x8 D:/Docs/msys32/home/jdgal/esp/Projects/myBlink/build/freertos\libfreertos.a(xtensa_init.o)
                                  0xc (size before relaxing)
 .literal.prvIsQueueFull
                0x400809a0        0x0 D:/Docs/msys32/home/jdgal/esp/Projects/myBlink/build/freertos\libfreertos.a(queue.o)
                                  0x8 (size before relaxing)
 .literal.prvCopyDataToQueue
                0x400809a0        0x0 D:/Docs/msys32/home/jdgal/esp/Projects/myBlink/build/freertos\libfreertos.a(queue.o)
                                  0xc (size before relaxing)
 .literal.prvNotifyQueueSetContainer
                0x400809a0       0x14 D:/Docs/msys32/home/jdgal/esp/Projects/myBlink/build/freertos\libfreertos.a(queue.o)
                                 0x34 (size before relaxing)
 .literal.prvCopyDataFromQueue
                0x400809b4        0x0 D:/Docs/msys32/home/jdgal/esp/Projects/myBlink/build/freertos\libfreertos.a(queue.o)
                                  0x4 (size before relaxing)
 .literal.xQueueGenericReset
                0x400809b4        0x4 D:/Docs/msys32/home/jdgal/esp/Projects/myBlink/build/freertos\libfreertos.a(queue.o)
                                 0x30 (size before relaxing)
 .literal.prvInitialiseNewQueue
                0x400809b8        0x0 D:/Docs/msys32/home/jdgal/esp/Projects/myBlink/build/freertos\libfreertos.a(queue.o)
                                  0x4 (size before relaxing)
 .literal.xQueueGenericCreate
                0x400809b8        0x4 D:/Docs/msys32/home/jdgal/esp/Projects/myBlink/build/freertos\libfreertos.a(queue.o)
                                 0x1c (size before relaxing)
 .literal.xQueueGetMutexHolder
                0x400809bc        0x0 D:/Docs/msys32/home/jdgal/esp/Projects/myBlink/build/freertos\libfreertos.a(queue.o)
                                  0x8 (size before relaxing)
 .literal.xQueueCreateCountingSemaphore
                0x400809bc        0x4 D:/Docs/msys32/home/jdgal/esp/Projects/myBlink/build/freertos\libfreertos.a(queue.o)
                                 0x28 (size before relaxing)
 .literal.xQueueGenericSend
                0x400809c0        0x4 D:/Docs/msys32/home/jdgal/esp/Projects/myBlink/build/freertos\libfreertos.a(queue.o)
                                 0x7c (size before relaxing)
 .literal.prvInitialiseMutex
                0x400809c4        0x0 D:/Docs/msys32/home/jdgal/esp/Projects/myBlink/build/freertos\libfreertos.a(queue.o)
                                  0x8 (size before relaxing)
 .literal.xQueueCreateMutex
                0x400809c4        0x0 D:/Docs/msys32/home/jdgal/esp/Projects/myBlink/build/freertos\libfreertos.a(queue.o)
                                  0x8 (size before relaxing)
 .literal.xQueueGiveMutexRecursive
                0x400809c4        0x4 D:/Docs/msys32/home/jdgal/esp/Projects/myBlink/build/freertos\libfreertos.a(queue.o)
                                 0x1c (size before relaxing)
 .literal.xQueueGenericSendFromISR
                0x400809c8        0x4 D:/Docs/msys32/home/jdgal/esp/Projects/myBlink/build/freertos\libfreertos.a(queue.o)
                                 0x3c (size before relaxing)
 .literal.xQueueGiveFromISR
                0x400809cc        0x4 D:/Docs/msys32/home/jdgal/esp/Projects/myBlink/build/freertos\libfreertos.a(queue.o)
                                 0x30 (size before relaxing)
 .literal.xQueueGenericReceive
                0x400809d0        0x4 D:/Docs/msys32/home/jdgal/esp/Projects/myBlink/build/freertos\libfreertos.a(queue.o)
                                 0x78 (size before relaxing)
 .literal.xQueueTakeMutexRecursive
                0x400809d4        0x4 D:/Docs/msys32/home/jdgal/esp/Projects/myBlink/build/freertos\libfreertos.a(queue.o)
                                 0x1c (size before relaxing)
 .literal.xQueueReceiveFromISR
                0x400809d8        0x4 D:/Docs/msys32/home/jdgal/esp/Projects/myBlink/build/freertos\libfreertos.a(queue.o)
                                 0x30 (size before relaxing)
 .literal.vQueueDelete
                0x400809dc        0x4 D:/Docs/msys32/home/jdgal/esp/Projects/myBlink/build/freertos\libfreertos.a(queue.o)
                                 0x18 (size before relaxing)
 .literal.vQueueWaitForMessageRestricted
                0x400809e0        0x0 D:/Docs/msys32/home/jdgal/esp/Projects/myBlink/build/freertos\libfreertos.a(queue.o)
                                  0xc (size before relaxing)
 .literal.xt_unhandled_interrupt
                0x400809e0        0x4 D:/Docs/msys32/home/jdgal/esp/Projects/myBlink/build/freertos\libfreertos.a(xtensa_intr.o)
                                  0x8 (size before relaxing)
 .literal.xt_set_interrupt_handler
                0x400809e4        0x8 D:/Docs/msys32/home/jdgal/esp/Projects/myBlink/build/freertos\libfreertos.a(xtensa_intr.o)
                                  0xc (size before relaxing)
 .literal       0x400809ec        0xc D:/Docs/msys32/home/jdgal/esp/Projects/myBlink/build/freertos\libfreertos.a(portasm.o)
                                 0x54 (size before relaxing)
 .literal       0x400809f8        0x0 D:/Docs/msys32/home/jdgal/esp/Projects/myBlink/build/freertos\libfreertos.a(xtensa_context.o)
                                 0x10 (size before relaxing)
 .literal.prvGetNextExpireTime
                0x400809f8        0x4 D:/Docs/msys32/home/jdgal/esp/Projects/myBlink/build/freertos\libfreertos.a(timers.o)
 .literal.prvInsertTimerInActiveList
                0x400809fc        0x4 D:/Docs/msys32/home/jdgal/esp/Projects/myBlink/build/freertos\libfreertos.a(timers.o)
                                 0x10 (size before relaxing)
 .literal.prvCheckForValidListAndQueue
                0x40080a00       0x1c D:/Docs/msys32/home/jdgal/esp/Projects/myBlink/build/freertos\libfreertos.a(timers.o)
                                 0x44 (size before relaxing)
 .literal.xTimerCreateTimerTask
                0x40080a1c        0xc D:/Docs/msys32/home/jdgal/esp/Projects/myBlink/build/freertos\libfreertos.a(timers.o)
                                 0x2c (size before relaxing)
 .literal.xTimerGenericCommand
                0x40080a28        0x0 D:/Docs/msys32/home/jdgal/esp/Projects/myBlink/build/freertos\libfreertos.a(timers.o)
                                 0x14 (size before relaxing)
 .literal.prvSwitchTimerLists
                0x40080a28        0x4 D:/Docs/msys32/home/jdgal/esp/Projects/myBlink/build/freertos\libfreertos.a(timers.o)
                                 0x28 (size before relaxing)
 .literal.prvSampleTimeNow
                0x40080a2c        0x4 D:/Docs/msys32/home/jdgal/esp/Projects/myBlink/build/freertos\libfreertos.a(timers.o)
                                  0xc (size before relaxing)
 .literal.prvProcessExpiredTimer
                0x40080a30        0x4 D:/Docs/msys32/home/jdgal/esp/Projects/myBlink/build/freertos\libfreertos.a(timers.o)
                                 0x24 (size before relaxing)
 .literal.prvProcessTimerOrBlockTask
                0x40080a34        0x0 D:/Docs/msys32/home/jdgal/esp/Projects/myBlink/build/freertos\libfreertos.a(timers.o)
                                 0x24 (size before relaxing)
 .literal.prvProcessReceivedCommands
                0x40080a34        0x8 D:/Docs/msys32/home/jdgal/esp/Projects/myBlink/build/freertos\libfreertos.a(timers.o)
                                 0x40 (size before relaxing)
 .literal.prvTimerTask
                0x40080a3c        0x0 D:/Docs/msys32/home/jdgal/esp/Projects/myBlink/build/freertos\libfreertos.a(timers.o)
                                  0xc (size before relaxing)
 .literal.get_prev_free_block
                0x40080a3c       0x10 D:/Docs/msys32/home/jdgal/esp/Projects/myBlink/build/heap\libheap.a(multi_heap.o)
                                 0x28 (size before relaxing)
 .literal.split_if_necessary
                0x40080a4c       0x10 D:/Docs/msys32/home/jdgal/esp/Projects/myBlink/build/heap\libheap.a(multi_heap.o)
                                 0x50 (size before relaxing)
 .literal.assert_valid_block
                0x40080a5c        0x0 D:/Docs/msys32/home/jdgal/esp/Projects/myBlink/build/heap\libheap.a(multi_heap.o)
                                 0x2c (size before relaxing)
 .literal.merge_adjacent
                0x40080a5c        0x8 D:/Docs/msys32/home/jdgal/esp/Projects/myBlink/build/heap\libheap.a(multi_heap.o)
                                 0x4c (size before relaxing)
 .literal.multi_heap_get_allocated_size_impl
                0x40080a64        0x0 D:/Docs/msys32/home/jdgal/esp/Projects/myBlink/build/heap\libheap.a(multi_heap.o)
                                 0x10 (size before relaxing)
 .literal.multi_heap_malloc_impl
                0x40080a64        0x0 D:/Docs/msys32/home/jdgal/esp/Projects/myBlink/build/heap\libheap.a(multi_heap.o)
                                 0x28 (size before relaxing)
 .literal.multi_heap_free_impl
                0x40080a64        0x0 D:/Docs/msys32/home/jdgal/esp/Projects/myBlink/build/heap\libheap.a(multi_heap.o)
                                 0x50 (size before relaxing)
 .literal.multi_heap_realloc_impl
                0x40080a64        0x8 D:/Docs/msys32/home/jdgal/esp/Projects/myBlink/build/heap\libheap.a(multi_heap.o)
                                 0x68 (size before relaxing)
 .literal.panicPutChar
                0x40080a6c        0x8 D:/Docs/msys32/home/jdgal/esp/Projects/myBlink/build/esp32\libesp32.a(panic.o)
 .literal.panicPutStr
                0x40080a74        0x0 D:/Docs/msys32/home/jdgal/esp/Projects/myBlink/build/esp32\libesp32.a(panic.o)
                                  0x4 (size before relaxing)
 .literal.panicPutHex
                0x40080a74        0x0 D:/Docs/msys32/home/jdgal/esp/Projects/myBlink/build/esp32\libesp32.a(panic.o)
                                  0x8 (size before relaxing)
 .literal.panicPutDec
                0x40080a74        0x4 D:/Docs/msys32/home/jdgal/esp/Projects/myBlink/build/esp32\libesp32.a(panic.o)
                                 0x10 (size before relaxing)
 .literal.reconfigureAllWdts
                0x40080a78        0xc D:/Docs/msys32/home/jdgal/esp/Projects/myBlink/build/esp32\libesp32.a(panic.o)
                                 0x24 (size before relaxing)
 .literal.putEntry
                0x40080a84       0x10 D:/Docs/msys32/home/jdgal/esp/Projects/myBlink/build/esp32\libesp32.a(panic.o)
                                 0x20 (size before relaxing)
 .literal.doBacktrace
                0x40080a94       0x10 D:/Docs/msys32/home/jdgal/esp/Projects/myBlink/build/esp32\libesp32.a(panic.o)
                                 0x24 (size before relaxing)
 .literal.invoke_abort
                0x40080aa4        0x4 D:/Docs/msys32/home/jdgal/esp/Projects/myBlink/build/esp32\libesp32.a(panic.o)
                                  0x8 (size before relaxing)
 .literal.haltOtherCore
                0x40080aa8        0x0 D:/Docs/msys32/home/jdgal/esp/Projects/myBlink/build/esp32\libesp32.a(panic.o)
                                  0x4 (size before relaxing)
 .literal.commonErrorHandler_dump
                0x40080aa8       0x30 D:/Docs/msys32/home/jdgal/esp/Projects/myBlink/build/esp32\libesp32.a(panic.o)
                                 0x90 (size before relaxing)
 .literal.esp_panic_dig_reset
                0x40080ad8        0x0 D:/Docs/msys32/home/jdgal/esp/Projects/myBlink/build/esp32\libesp32.a(panic.o)
                                 0x14 (size before relaxing)
 .literal.commonErrorHandler
                0x40080ad8        0x8 D:/Docs/msys32/home/jdgal/esp/Projects/myBlink/build/esp32\libesp32.a(panic.o)
                                 0x4c (size before relaxing)
 .literal.abort
                0x40080ae0        0x8 D:/Docs/msys32/home/jdgal/esp/Projects/myBlink/build/esp32\libesp32.a(panic.o)
                                 0x18 (size before relaxing)
 .literal.vApplicationStackOverflowHook
                0x40080ae8        0x8 D:/Docs/msys32/home/jdgal/esp/Projects/myBlink/build/esp32\libesp32.a(panic.o)
                                 0x18 (size before relaxing)
 .literal.panicHandler
                0x40080af0       0x34 D:/Docs/msys32/home/jdgal/esp/Projects/myBlink/build/esp32\libesp32.a(panic.o)
                                 0xa8 (size before relaxing)
 .literal.xt_unhandled_exception
                0x40080b24       0x18 D:/Docs/msys32/home/jdgal/esp/Projects/myBlink/build/esp32\libesp32.a(panic.o)
                                 0x64 (size before relaxing)
 .literal._esp_error_check_failed
                0x40080b3c       0x14 D:/Docs/msys32/home/jdgal/esp/Projects/myBlink/build/esp32\libesp32.a(panic.o)
                                 0x30 (size before relaxing)
 .literal.rtc_clk_32k_enable_common
                0x40080b50       0x14 D:/Docs/msys32/home/jdgal/esp/Projects/myBlink/build/soc\libsoc.a(rtc_clk.o)
 .literal.rtc_clk_bbpll_disable
                0x40080b64        0xc D:/Docs/msys32/home/jdgal/esp/Projects/myBlink/build/soc\libsoc.a(rtc_clk.o)
                                 0x10 (size before relaxing)
 .literal.rtc_clk_bbpll_enable
                0x40080b70        0x4 D:/Docs/msys32/home/jdgal/esp/Projects/myBlink/build/soc\libsoc.a(rtc_clk.o)
                                  0x8 (size before relaxing)
 .literal.rtc_clk_32k_enable
                0x40080b74        0x4 D:/Docs/msys32/home/jdgal/esp/Projects/myBlink/build/soc\libsoc.a(rtc_clk.o)
                                  0xc (size before relaxing)
 .literal.rtc_clk_32k_enable_external
                0x40080b78        0x0 D:/Docs/msys32/home/jdgal/esp/Projects/myBlink/build/soc\libsoc.a(rtc_clk.o)
                                  0x4 (size before relaxing)
 .literal.rtc_clk_8m_enable
                0x40080b78        0xc D:/Docs/msys32/home/jdgal/esp/Projects/myBlink/build/soc\libsoc.a(rtc_clk.o)
                                 0x10 (size before relaxing)
 .literal.rtc_clk_slow_freq_set
                0x40080b84        0x0 D:/Docs/msys32/home/jdgal/esp/Projects/myBlink/build/soc\libsoc.a(rtc_clk.o)
                                  0xc (size before relaxing)
 .literal.rtc_clk_slow_freq_get
                0x40080b84        0x0 D:/Docs/msys32/home/jdgal/esp/Projects/myBlink/build/soc\libsoc.a(rtc_clk.o)
                                  0x4 (size before relaxing)
 .literal.rtc_clk_slow_freq_get_hz
                0x40080b84        0xc D:/Docs/msys32/home/jdgal/esp/Projects/myBlink/build/soc\libsoc.a(rtc_clk.o)
                                 0x10 (size before relaxing)
 .literal.rtc_clk_fast_freq_set
                0x40080b90        0x4 D:/Docs/msys32/home/jdgal/esp/Projects/myBlink/build/soc\libsoc.a(rtc_clk.o)
                                  0xc (size before relaxing)
 .literal.rtc_clk_bbpll_configure
                0x40080b94       0x10 D:/Docs/msys32/home/jdgal/esp/Projects/myBlink/build/soc\libsoc.a(rtc_clk.o)
                                 0x3c (size before relaxing)
 .literal.rtc_clk_xtal_freq_get
                0x40080ba4        0x4 D:/Docs/msys32/home/jdgal/esp/Projects/myBlink/build/soc\libsoc.a(rtc_clk.o)
 .literal.rtc_clk_cpu_freq_mhz_to_config
                0x40080ba8        0x0 D:/Docs/msys32/home/jdgal/esp/Projects/myBlink/build/soc\libsoc.a(rtc_clk.o)
                                  0x4 (size before relaxing)
 .literal.rtc_clk_cpu_freq_get_config
                0x40080ba8       0x14 D:/Docs/msys32/home/jdgal/esp/Projects/myBlink/build/soc\libsoc.a(rtc_clk.o)
                                 0x28 (size before relaxing)
 .literal.rtc_clk_apb_freq_update
                0x40080bbc        0x4 D:/Docs/msys32/home/jdgal/esp/Projects/myBlink/build/soc\libsoc.a(rtc_clk.o)
 .literal.rtc_clk_cpu_freq_to_xtal
                0x40080bc0        0xc D:/Docs/msys32/home/jdgal/esp/Projects/myBlink/build/soc\libsoc.a(rtc_clk.o)
                                 0x34 (size before relaxing)
 .literal.rtc_clk_cpu_freq_set_xtal
                0x40080bcc        0x0 D:/Docs/msys32/home/jdgal/esp/Projects/myBlink/build/soc\libsoc.a(rtc_clk.o)
                                 0x10 (size before relaxing)
 .literal.rtc_clk_cpu_freq_to_pll_mhz
                0x40080bcc       0x10 D:/Docs/msys32/home/jdgal/esp/Projects/myBlink/build/soc\libsoc.a(rtc_clk.o)
                                 0x38 (size before relaxing)
 .literal.rtc_clk_cpu_freq_to_8m
                0x40080bdc        0x4 D:/Docs/msys32/home/jdgal/esp/Projects/myBlink/build/soc\libsoc.a(rtc_clk.o)
                                 0x2c (size before relaxing)
 .literal.rtc_clk_cpu_freq_set_config
                0x40080be0        0x0 D:/Docs/msys32/home/jdgal/esp/Projects/myBlink/build/soc\libsoc.a(rtc_clk.o)
                                 0x30 (size before relaxing)
 .literal.rtc_clk_apb_freq_get
                0x40080be0        0x4 D:/Docs/msys32/home/jdgal/esp/Projects/myBlink/build/soc\libsoc.a(rtc_clk.o)
                                 0x10 (size before relaxing)
 .literal.rtc_clk_cal_internal
                0x40080be4       0x2c D:/Docs/msys32/home/jdgal/esp/Projects/myBlink/build/soc\libsoc.a(rtc_time.o)
                                 0x64 (size before relaxing)
 .literal.rtc_clk_cal
                0x40080c10        0x0 D:/Docs/msys32/home/jdgal/esp/Projects/myBlink/build/soc\libsoc.a(rtc_time.o)
                                  0xc (size before relaxing)
 .literal.rtc_time_get
                0x40080c10       0x10 D:/Docs/msys32/home/jdgal/esp/Projects/myBlink/build/soc\libsoc.a(rtc_time.o)
                                 0x18 (size before relaxing)
 .literal.rtc_clk_wait_for_slow_cycle
                0x40080c20        0x8 D:/Docs/msys32/home/jdgal/esp/Projects/myBlink/build/soc\libsoc.a(rtc_time.o)
                                 0x20 (size before relaxing)
 .literal.rtc_init
                0x40080c28       0x74 D:/Docs/msys32/home/jdgal/esp/Projects/myBlink/build/soc\libsoc.a(rtc_init.o)
                                 0xdc (size before relaxing)
 .literal.rtc_wdt_get_protect_status
                0x40080c9c        0x8 D:/Docs/msys32/home/jdgal/esp/Projects/myBlink/build/soc\libsoc.a(rtc_wdt.o)
 .literal.rtc_wdt_protect_off
                0x40080ca4        0x0 D:/Docs/msys32/home/jdgal/esp/Projects/myBlink/build/soc\libsoc.a(rtc_wdt.o)
                                  0x8 (size before relaxing)
 .literal.rtc_wdt_protect_on
                0x40080ca4        0x0 D:/Docs/msys32/home/jdgal/esp/Projects/myBlink/build/soc\libsoc.a(rtc_wdt.o)
                                  0x4 (size before relaxing)
 .literal.rtc_wdt_enable
                0x40080ca4        0xc D:/Docs/msys32/home/jdgal/esp/Projects/myBlink/build/soc\libsoc.a(rtc_wdt.o)
                                 0x10 (size before relaxing)
 .literal.rtc_wdt_feed
                0x40080cb0        0x0 D:/Docs/msys32/home/jdgal/esp/Projects/myBlink/build/soc\libsoc.a(rtc_wdt.o)
                                 0x14 (size before relaxing)
 .literal.rtc_wdt_set_time
                0x40080cb0       0x14 D:/Docs/msys32/home/jdgal/esp/Projects/myBlink/build/soc\libsoc.a(rtc_wdt.o)
                                 0x20 (size before relaxing)
 .literal.rtc_wdt_set_stage
                0x40080cc4        0x8 D:/Docs/msys32/home/jdgal/esp/Projects/myBlink/build/soc\libsoc.a(rtc_wdt.o)
                                 0x14 (size before relaxing)
 .literal.rtc_wdt_disable
                0x40080ccc        0x0 D:/Docs/msys32/home/jdgal/esp/Projects/myBlink/build/soc\libsoc.a(rtc_wdt.o)
                                 0x2c (size before relaxing)
 .literal.rtc_wdt_set_length_of_reset_signal
                0x40080ccc        0x4 D:/Docs/msys32/home/jdgal/esp/Projects/myBlink/build/soc\libsoc.a(rtc_wdt.o)
                                  0xc (size before relaxing)
 .literal.rtc_wdt_is_on
                0x40080cd0        0x0 D:/Docs/msys32/home/jdgal/esp/Projects/myBlink/build/soc\libsoc.a(rtc_wdt.o)
                                  0x4 (size before relaxing)
 .literal       0x40080cd0        0x0 D:/Docs/msys32/home/jdgal/esp/esp-idf/components/esp32/libhal.a(windowspill_asm.o)
                                  0x4 (size before relaxing)
 .literal.esp_rom_spiflash_read_status
                0x40080cd0       0x10 D:/Docs/msys32/home/jdgal/esp/Projects/myBlink/build/spi_flash\libspi_flash.a(spi_flash_rom_patch.o)
                                 0x14 (size before relaxing)
 .literal.esp_rom_spiflash_wait_idle
                0x40080ce0        0x8 D:/Docs/msys32/home/jdgal/esp/Projects/myBlink/build/spi_flash\libspi_flash.a(spi_flash_rom_patch.o)
                                  0xc (size before relaxing)
 .literal.esp_rom_spiflash_erase_block_internal
                0x40080ce8        0x4 D:/Docs/msys32/home/jdgal/esp/Projects/myBlink/build/spi_flash\libspi_flash.a(spi_flash_rom_patch.o)
                                 0x18 (size before relaxing)
 .literal.esp_rom_spiflash_erase_sector_internal
                0x40080cec        0x0 D:/Docs/msys32/home/jdgal/esp/Projects/myBlink/build/spi_flash\libspi_flash.a(spi_flash_rom_patch.o)
                                 0x18 (size before relaxing)
 .literal.esp_rom_spiflash_read_data
                0x40080cec       0x18 D:/Docs/msys32/home/jdgal/esp/Projects/myBlink/build/spi_flash\libspi_flash.a(spi_flash_rom_patch.o)
                                 0x34 (size before relaxing)
 .literal.esp_rom_spiflash_enable_write
                0x40080d04        0x0 D:/Docs/msys32/home/jdgal/esp/Projects/myBlink/build/spi_flash\libspi_flash.a(spi_flash_rom_patch.o)
                                 0x10 (size before relaxing)
 .literal.esp_rom_spiflash_program_page_internal
                0x40080d04       0x10 D:/Docs/msys32/home/jdgal/esp/Projects/myBlink/build/spi_flash\libspi_flash.a(spi_flash_rom_patch.o)
                                 0x40 (size before relaxing)
 .literal.esp_rom_spiflash_read_statushigh
                0x40080d14        0x4 D:/Docs/msys32/home/jdgal/esp/Projects/myBlink/build/spi_flash\libspi_flash.a(spi_flash_rom_patch.o)
                                  0xc (size before relaxing)
 .literal.esp_rom_spiflash_write_status
                0x40080d18        0x4 D:/Docs/msys32/home/jdgal/esp/Projects/myBlink/build/spi_flash\libspi_flash.a(spi_flash_rom_patch.o)
                                 0x14 (size before relaxing)
 .literal.esp_rom_spiflash_unlock
                0x40080d1c        0x8 D:/Docs/msys32/home/jdgal/esp/Projects/myBlink/build/spi_flash\libspi_flash.a(spi_flash_rom_patch.o)
                                 0x28 (size before relaxing)
 .literal.esp_rom_spiflash_erase_block
                0x40080d24        0xc D:/Docs/msys32/home/jdgal/esp/Projects/myBlink/build/spi_flash\libspi_flash.a(spi_flash_rom_patch.o)
                                 0x20 (size before relaxing)
 .literal.esp_rom_spiflash_erase_sector
                0x40080d30        0x0 D:/Docs/msys32/home/jdgal/esp/Projects/myBlink/build/spi_flash\libspi_flash.a(spi_flash_rom_patch.o)
                                 0x20 (size before relaxing)
 .literal.esp_rom_spiflash_write
                0x40080d30        0x0 D:/Docs/msys32/home/jdgal/esp/Projects/myBlink/build/spi_flash\libspi_flash.a(spi_flash_rom_patch.o)
                                 0x28 (size before relaxing)
 .literal.esp_rom_spiflash_write_encrypted
                0x40080d30        0xc D:/Docs/msys32/home/jdgal/esp/Projects/myBlink/build/spi_flash\libspi_flash.a(spi_flash_rom_patch.o)
                                 0x10 (size before relaxing)
 .literal.esp_rom_spiflash_read
                0x40080d3c       0x30 D:/Docs/msys32/home/jdgal/esp/Projects/myBlink/build/spi_flash\libspi_flash.a(spi_flash_rom_patch.o)
                                 0x5c (size before relaxing)
 .literal       0x40080d6c       0x10 D:/Docs/msys32/home/jdgal/esp/esp-idf/components/newlib/lib/libm.a(lib_a-s_fpclassify.o)
                                 0x18 (size before relaxing)
 .iram1         0x40080d7c      0x25a D:/Docs/msys32/home/jdgal/esp/Projects/myBlink/build/esp32\libesp32.a(cpu_start.o)
                                0x30e (size before relaxing)
                0x40080d7c                start_cpu0_default
                0x40080d7c                start_cpu0
                0x40080e4c                start_cpu1
                0x40080e4c                start_cpu1_default
                0x40080ec8                call_start_cpu0
 *fill*         0x40080fd6        0x2 
 .iram1         0x40080fd8       0x5c D:/Docs/msys32/home/jdgal/esp/Projects/myBlink/build/esp32\libesp32.a(reset_reason.o)
                                 0x60 (size before relaxing)
                0x40080fd8                esp_reset_reason_set_hint
                0x40081008                esp_reset_reason_get_hint
 .iram1         0x40081034       0xda D:/Docs/msys32/home/jdgal/esp/Projects/myBlink/build/esp32\libesp32.a(dport_panic_highint_hdl.o)
                0x40081034                xt_highint4
                0x4008110e                ld_include_panic_highint_hdl
 *fill*         0x4008110e        0x2 
 .iram1         0x40081110       0x53 D:/Docs/msys32/home/jdgal/esp/Projects/myBlink/build/esp32\libesp32.a(int_wdt.o)
 *fill*         0x40081163        0x1 
 .iram1         0x40081164      0x1f1 D:/Docs/msys32/home/jdgal/esp/Projects/myBlink/build/esp32\libesp32.a(system_api.o)
                                0x244 (size before relaxing)
                0x400811dc                esp_restart_noos
                0x40081334                system_restart
                0x40081334                esp_restart
 *fill*         0x40081355        0x3 
 .iram1         0x40081358      0x1e3 D:/Docs/msys32/home/jdgal/esp/Projects/myBlink/build/esp32\libesp32.a(dport_access.o)
                                0x1ef (size before relaxing)
                0x40081358                esp_dport_access_stall_other_cpu_start
                0x40081408                esp_dport_access_stall_other_cpu_end
                0x40081484                esp_dport_access_stall_other_cpu_start_wrap
                0x4008148c                esp_dport_access_stall_other_cpu_end_wrap
                0x40081494                esp_dport_access_int_pause
                0x400814b8                esp_dport_access_int_abort
                0x400814cc                esp_dport_access_int_resume
                0x400814f0                esp_dport_access_reg_read
                0x40081508                esp_dport_access_sequence_reg_read
                0x40081514                esp_dport_access_read_buffer
 *fill*         0x4008153b        0x1 
 .iram1         0x4008153c      0x205 D:/Docs/msys32/home/jdgal/esp/Projects/myBlink/build/esp32\libesp32.a(esp_timer.o)
                                0x219 (size before relaxing)
                0x40081658                esp_timer_stop
                0x4008167c                esp_timer_get_next_alarm
                0x4008169c                esp_timer_get_time
                0x400816ac                esp_timer_start_once
                0x400816f0                esp_timer_start_periodic
 *fill*         0x40081741        0x3 
 .iram1         0x40081744      0x2b6 D:/Docs/msys32/home/jdgal/esp/Projects/myBlink/build/esp32\libesp32.a(intr_alloc.o)
                                0x2ce (size before relaxing)
                0x40081780                esp_intr_set_in_iram
                0x40081808                esp_intr_enable
                0x40081890                esp_intr_disable
                0x40081958                esp_intr_noniram_disable
                0x400819a4                esp_intr_noniram_enable
                0x400819e4                ets_isr_unmask
                0x400819f0                ets_isr_mask
 *fill*         0x400819fa        0x2 
 .iram1         0x400819fc       0x7f D:/Docs/msys32/home/jdgal/esp/Projects/myBlink/build/esp32\libesp32.a(ipc.o)
                                 0x8b (size before relaxing)
 *fill*         0x40081a7b        0x1 
 .iram1         0x40081a7c       0x2c D:/Docs/msys32/home/jdgal/esp/Projects/myBlink/build/esp32\libesp32.a(cache_err_int.o)
                                 0x34 (size before relaxing)
                0x40081a7c                esp_cache_err_get_cpuid
 .iram1         0x40081aa8       0x27 D:/Docs/msys32/home/jdgal/esp/Projects/myBlink/build/esp32\libesp32.a(freertos_hooks.o)
                0x40081aa8                esp_vApplicationTickHook
 *fill*         0x40081acf        0x1 
 .iram1         0x40081ad0       0x47 D:/Docs/msys32/home/jdgal/esp/Projects/myBlink/build/esp32\libesp32.a(clk.o)
                                 0x4b (size before relaxing)
                0x40081ad0                esp_clk_cpu_freq
                0x40081ae0                esp_clk_apb_freq
                0x40081af8                esp_clk_xtal_freq
                0x40081b08                ets_update_cpu_frequency
 *fill*         0x40081b17        0x1 
 .iram1         0x40081b18      0x4af D:/Docs/msys32/home/jdgal/esp/Projects/myBlink/build/esp32\libesp32.a(esp_timer_esp32.o)
                                0x4bb (size before relaxing)
                0x40081c3c                esp_timer_impl_get_time
                0x40081dac                esp_timer_impl_set_alarm
                0x40081ef4                esp_timer_impl_update_apb_freq
                0x40081fbc                esp_timer_impl_get_min_period_us
 *fill*         0x40081fc7        0x1 
 .iram1         0x40081fc8       0xb0 D:/Docs/msys32/home/jdgal/esp/Projects/myBlink/build/esp32\libesp32.a(crosscore_int.o)
                                 0xc0 (size before relaxing)
                0x40082060                esp_crosscore_int_send_yield
                0x4008206c                esp_crosscore_int_send_freq_switch
 .iram1         0x40082078       0x1a D:/Docs/msys32/home/jdgal/esp/Projects/myBlink/build/freertos\libfreertos.a(port.o)
                0x40082078                xPortInterruptedFromISRContext
 *fill*         0x40082092        0x2 
 .iram1         0x40082094      0x4b4 D:/Docs/msys32/home/jdgal/esp/Projects/myBlink/build/freertos\libfreertos.a(xtensa_vectors.o)
                0x40082094                _xt_panic
                0x400821ac                _xt_user_exit
                0x40082498                _xt_medint2_exit
                0x40082534                _xt_medint3_exit
 .iram1         0x40082548      0x3f1 D:/Docs/msys32/home/jdgal/esp/Projects/myBlink/build/heap\libheap.a(heap_caps.o)
                                0x40d (size before relaxing)
                0x400825d8                heap_caps_malloc
                0x40082678                heap_caps_malloc_default
                0x400826bc                heap_caps_malloc_prefer
                0x40082714                heap_caps_free
                0x4008274c                heap_caps_realloc
                0x400827f8                heap_caps_realloc_default
                0x40082850                heap_caps_realloc_prefer
                0x400828b4                heap_caps_calloc
                0x400828e4                heap_caps_calloc_prefer
 *fill*         0x40082939        0x3 
 .iram1         0x4008293c      0x18a D:/Docs/msys32/home/jdgal/esp/Projects/myBlink/build/log\liblog.a(log.o)
                                0x19a (size before relaxing)
                0x4008293c                esp_log_write
                0x40082a6c                esp_log_early_timestamp
                0x40082a88                esp_log_timestamp
 *fill*         0x40082ac6        0x2 
 .iram1         0x40082ac8      0x1cc D:/Docs/msys32/home/jdgal/esp/Projects/myBlink/build/newlib\libnewlib.a(locks.o)
                                0x210 (size before relaxing)
                0x40082be0                _lock_init
                0x40082bf0                _lock_init_recursive
                0x40082c00                _lock_close
                0x40082c3c                _lock_acquire
                0x40082c4c                _lock_acquire_recursive
                0x40082c5c                _lock_try_acquire
                0x40082c6c                _lock_try_acquire_recursive
                0x40082c7c                _lock_release
                0x40082c88                _lock_release_recursive
 .iram1         0x40082c94       0x5a D:/Docs/msys32/home/jdgal/esp/Projects/myBlink/build/newlib\libnewlib.a(syscalls.o)
                                 0x62 (size before relaxing)
                0x40082c94                _malloc_r
                0x40082ca0                _free_r
                0x40082cac                _realloc_r
                0x40082cc0                _calloc_r
 *fill*         0x40082cee        0x2 
 .iram1         0x40082cf0       0x3c D:/Docs/msys32/home/jdgal/esp/Projects/myBlink/build/newlib\libnewlib.a(reent_init.o)
                0x40082cf0                esp_reent_init
 .iram1         0x40082d2c       0x70 D:/Docs/msys32/home/jdgal/esp/Projects/myBlink/build/newlib\libnewlib.a(time.o)
                                 0x74 (size before relaxing)
                0x40082d2c                _gettimeofday_r
                0x40082d74                _times_r
 .iram1         0x40082d9c      0x11a D:/Docs/msys32/home/jdgal/esp/Projects/myBlink/build/soc\libsoc.a(cpu_util.o)
                0x40082d9c                esp_cpu_stall
                0x40082e30                esp_cpu_unstall
                0x40082e84                esp_cpu_reset
                0x40082ea8                esp_cpu_in_ocd_debug_mode
 *fill*         0x40082eb6        0x2 
 .iram1         0x40082eb8      0x722 D:/Docs/msys32/home/jdgal/esp/Projects/myBlink/build/spi_flash\libspi_flash.a(flash_ops.o)
                                0x74a (size before relaxing)
                0x40082f28                spi_flash_guard_set
                0x40082f34                spi_flash_guard_get
                0x40082f40                spi_flash_get_chip_size
                0x40082f4c                spi_flash_erase_range
                0x40083004                spi_flash_erase_sector
                0x40083028                spi_flash_write
                0x400831f0                spi_flash_read
                0x40083488                spi_flash_read_encrypted
                0x400834d0                spi_flash_write_encrypted
 *fill*         0x400835da        0x2 
 .iram1         0x400835dc      0x2f4 D:/Docs/msys32/home/jdgal/esp/Projects/myBlink/build/spi_flash\libspi_flash.a(cache_utils.o)
                                0x340 (size before relaxing)
                0x40083640                spi_flash_op_block_func
                0x400836ec                spi_flash_disable_interrupts_caches_and_other_cpu
                0x400837cc                spi_flash_enable_interrupts_caches_and_other_cpu
                0x40083864                spi_flash_disable_interrupts_caches_and_other_cpu_no_os
                0x40083890                spi_flash_enable_interrupts_caches_no_os
                0x400838ac                spi_flash_cache_enabled
 .iram1         0x400838d0      0x4ce D:/Docs/msys32/home/jdgal/esp/Projects/myBlink/build/spi_flash\libspi_flash.a(flash_mmap.o)
                                0x502 (size before relaxing)
                0x400839fc                spi_flash_mmap_pages
                0x40083c3c                spi_flash_mmap
                0x40083cb0                spi_flash_munmap
                0x40083d54                spi_flash_mark_modified_region
 *fill*         0x40083d9e        0x2 
 .iram1         0x40083da0       0x20 D:/Docs/msys32/home/jdgal/esp/Projects/myBlink/build/esp32\libesp32.a(dbg_stubs.o)
 *fill*         0x40083dc0        0x0 
 *fill*         0x40083dc0        0x0 
 *fill*         0x40083dc0        0x0 
 *fill*         0x40083dc0        0x0 
 *fill*         0x40083dc0        0x0 
 *fill*         0x40083dc0        0x0 
 *fill*         0x40083dc0        0x0 
 *fill*         0x40083dc0        0x0 
 *fill*         0x40083dc0        0x0 
 *fill*         0x40083dc0        0x0 
 .iram1         0x40083dc0       0x2e D:/Docs/msys32/home/jdgal/esp/Projects/myBlink/build/freertos\libfreertos.a(xtensa_vector_defaults.o)
                0x40083dc0                xt_debugexception
                0x40083de0                xt_highint5
                0x40083de8                xt_nmi
                0x40083de8                _xt_nmi
 *fill*         0x40083dee        0x0 
 *fill*         0x40083dee        0x0 
 *fill*         0x40083dee        0x0 
 *fill*         0x40083dee        0x0 
 *fill*         0x40083dee        0x0 
 *fill*         0x40083dee        0x0 
 *libfreertos.a:(.literal .text .literal.* .text.*)
 *fill*         0x40083dee        0x2 
 .text.prvResetNextTaskUnblockTime
                0x40083df0       0x34 D:/Docs/msys32/home/jdgal/esp/Projects/myBlink/build/freertos\libfreertos.a(tasks.o)
 .text.prvDeleteTLS
                0x40083e24       0x40 D:/Docs/msys32/home/jdgal/esp/Projects/myBlink/build/freertos\libfreertos.a(tasks.o)
 .text.prvInitialiseNewTask
                0x40083e64       0xc4 D:/Docs/msys32/home/jdgal/esp/Projects/myBlink/build/freertos\libfreertos.a(tasks.o)
                                 0xd0 (size before relaxing)
 .text.prvInitialiseTaskLists
                0x40083f28       0x5a D:/Docs/msys32/home/jdgal/esp/Projects/myBlink/build/freertos\libfreertos.a(tasks.o)
                                 0x6e (size before relaxing)
 *fill*         0x40083f82        0x2 
 .text.prvDeleteTCB
                0x40083f84       0x56 D:/Docs/msys32/home/jdgal/esp/Projects/myBlink/build/freertos\libfreertos.a(tasks.o)
                                 0x5d (size before relaxing)
 *fill*         0x40083fda        0x2 
 .text.prvAddCurrentTaskToDelayedList
                0x40083fdc       0x66 D:/Docs/msys32/home/jdgal/esp/Projects/myBlink/build/freertos\libfreertos.a(tasks.o)
                                 0x6a (size before relaxing)
 *fill*         0x40084042        0x2 
 .text.taskYIELD_OTHER_CORE
                0x40084044       0x53 D:/Docs/msys32/home/jdgal/esp/Projects/myBlink/build/freertos\libfreertos.a(tasks.o)
                0x40084044                taskYIELD_OTHER_CORE
 *fill*         0x40084097        0x1 
 .text.vTaskSuspendAll
                0x40084098       0x26 D:/Docs/msys32/home/jdgal/esp/Projects/myBlink/build/freertos\libfreertos.a(tasks.o)
                0x40084098                vTaskSuspendAll
 *fill*         0x400840be        0x2 
 .text.xTaskGetIdleTaskHandleForCPU
                0x400840c0       0x2a D:/Docs/msys32/home/jdgal/esp/Projects/myBlink/build/freertos\libfreertos.a(tasks.o)
                                 0x2e (size before relaxing)
                0x400840c0                xTaskGetIdleTaskHandleForCPU
 *fill*         0x400840ea        0x2 
 .text.vTaskSwitchContext
                0x400840ec      0x27e D:/Docs/msys32/home/jdgal/esp/Projects/myBlink/build/freertos\libfreertos.a(tasks.o)
                                0x28a (size before relaxing)
                0x400840ec                vTaskSwitchContext
 *fill*         0x4008436a        0x2 
 .text.vTaskSetTimeOutState
                0x4008436c       0x34 D:/Docs/msys32/home/jdgal/esp/Projects/myBlink/build/freertos\libfreertos.a(tasks.o)
                0x4008436c                vTaskSetTimeOutState
 .text.xTaskGetCurrentTaskHandle
                0x400843a0       0x1f D:/Docs/msys32/home/jdgal/esp/Projects/myBlink/build/freertos\libfreertos.a(tasks.o)
                0x400843a0                xTaskGetCurrentTaskHandle
 *fill*         0x400843bf        0x1 
 .text.__getreent
                0x400843c0       0x19 D:/Docs/msys32/home/jdgal/esp/Projects/myBlink/build/freertos\libfreertos.a(tasks.o)
                0x400843c0                __getreent
 *fill*         0x400843d9        0x3 
 .text.pcTaskGetTaskName
                0x400843dc       0x2a D:/Docs/msys32/home/jdgal/esp/Projects/myBlink/build/freertos\libfreertos.a(tasks.o)
                                 0x2d (size before relaxing)
                0x400843dc                pcTaskGetTaskName
 *fill*         0x40084406        0x2 
 .text.xTaskGetAffinity
                0x40084408       0x10 D:/Docs/msys32/home/jdgal/esp/Projects/myBlink/build/freertos\libfreertos.a(tasks.o)
                                 0x13 (size before relaxing)
                0x40084408                xTaskGetAffinity
 *fill*         0x40084418        0x0 
 .text.xTaskGetCurrentTaskHandleForCPU
                0x40084418       0x18 D:/Docs/msys32/home/jdgal/esp/Projects/myBlink/build/freertos\libfreertos.a(tasks.o)
                0x40084418                xTaskGetCurrentTaskHandleForCPU
 .text.xTaskGetSchedulerState
                0x40084430       0x37 D:/Docs/msys32/home/jdgal/esp/Projects/myBlink/build/freertos\libfreertos.a(tasks.o)
                0x40084430                xTaskGetSchedulerState
 *fill*         0x40084467        0x1 
 .text.vTaskEnterCritical
                0x40084468       0xac D:/Docs/msys32/home/jdgal/esp/Projects/myBlink/build/freertos\libfreertos.a(tasks.o)
                                 0xb3 (size before relaxing)
                0x40084468                vTaskEnterCritical
 *fill*         0x40084514        0x0 
 .text.vTaskExitCritical
                0x40084514       0x77 D:/Docs/msys32/home/jdgal/esp/Projects/myBlink/build/freertos\libfreertos.a(tasks.o)
                0x40084514                vTaskExitCritical
 *fill*         0x4008458b        0x1 
 .text.prvAddNewTaskToReadyList
                0x4008458c      0x160 D:/Docs/msys32/home/jdgal/esp/Projects/myBlink/build/freertos\libfreertos.a(tasks.o)
                                0x173 (size before relaxing)
 *fill*         0x400846ec        0x0 
 .text.xTaskCreatePinnedToCore
                0x400846ec       0x6e D:/Docs/msys32/home/jdgal/esp/Projects/myBlink/build/freertos\libfreertos.a(tasks.o)
                                 0x76 (size before relaxing)
                0x400846ec                xTaskCreatePinnedToCore
 *fill*         0x4008475a        0x2 
 .text.vTaskStartScheduler
                0x4008475c       0x77 D:/Docs/msys32/home/jdgal/esp/Projects/myBlink/build/freertos\libfreertos.a(tasks.o)
                                 0x82 (size before relaxing)
                0x4008475c                vTaskStartScheduler
 *fill*         0x400847d3        0x1 
 .text.vTaskDelete
                0x400847d4      0x10a D:/Docs/msys32/home/jdgal/esp/Projects/myBlink/build/freertos\libfreertos.a(tasks.o)
                                0x122 (size before relaxing)
                0x400847d4                vTaskDelete
 *fill*         0x400848de        0x2 
 .text.vTaskDelay
                0x400848e0       0x70 D:/Docs/msys32/home/jdgal/esp/Projects/myBlink/build/freertos\libfreertos.a(tasks.o)
                                 0x80 (size before relaxing)
                0x400848e0                vTaskDelay
 .text.uxTaskPriorityGet
                0x40084950       0x1c D:/Docs/msys32/home/jdgal/esp/Projects/myBlink/build/freertos\libfreertos.a(tasks.o)
                                 0x23 (size before relaxing)
                0x40084950                uxTaskPriorityGet
 *fill*         0x4008496c        0x0 
 .text.vTaskPrioritySet
                0x4008496c      0x12d D:/Docs/msys32/home/jdgal/esp/Projects/myBlink/build/freertos\libfreertos.a(tasks.o)
                                0x143 (size before relaxing)
                0x4008496c                vTaskPrioritySet
 *fill*         0x40084a99        0x3 
 .text.prvCheckTasksWaitingTermination
                0x40084a9c       0xbe D:/Docs/msys32/home/jdgal/esp/Projects/myBlink/build/freertos\libfreertos.a(tasks.o)
                                 0xc6 (size before relaxing)
 *fill*         0x40084b5a        0x2 
 .text.prvIdleTask
                0x40084b5c        0xf D:/Docs/msys32/home/jdgal/esp/Projects/myBlink/build/freertos\libfreertos.a(tasks.o)
                                 0x18 (size before relaxing)
 *fill*         0x40084b6b        0x1 
 .text.xTaskGetTickCount
                0x40084b6c       0x1c D:/Docs/msys32/home/jdgal/esp/Projects/myBlink/build/freertos\libfreertos.a(tasks.o)
                                 0x20 (size before relaxing)
                0x40084b6c                xTaskGetTickCount
 .text.xTaskIncrementTick
                0x40084b88      0x1b2 D:/Docs/msys32/home/jdgal/esp/Projects/myBlink/build/freertos\libfreertos.a(tasks.o)
                                0x1ce (size before relaxing)
                0x40084b88                xTaskIncrementTick
 *fill*         0x40084d3a        0x2 
 .text.xTaskResumeAll
                0x40084d3c      0x177 D:/Docs/msys32/home/jdgal/esp/Projects/myBlink/build/freertos\libfreertos.a(tasks.o)
                                0x186 (size before relaxing)
                0x40084d3c                xTaskResumeAll
 *fill*         0x40084eb3        0x1 
 .text.vTaskPlaceOnEventList
                0x40084eb4       0x83 D:/Docs/msys32/home/jdgal/esp/Projects/myBlink/build/freertos\libfreertos.a(tasks.o)
                                 0x97 (size before relaxing)
                0x40084eb4                vTaskPlaceOnEventList
 *fill*         0x40084f37        0x1 
 .text.vTaskPlaceOnEventListRestricted
                0x40084f38       0x5b D:/Docs/msys32/home/jdgal/esp/Projects/myBlink/build/freertos\libfreertos.a(tasks.o)
                                 0x6f (size before relaxing)
                0x40084f38                vTaskPlaceOnEventListRestricted
 *fill*         0x40084f93        0x1 
 .text.xTaskRemoveFromEventList
                0x40084f94      0x134 D:/Docs/msys32/home/jdgal/esp/Projects/myBlink/build/freertos\libfreertos.a(tasks.o)
                                0x143 (size before relaxing)
                0x40084f94                xTaskRemoveFromEventList
 *fill*         0x400850c8        0x0 
 .text.xTaskCheckForTimeOut
                0x400850c8       0x89 D:/Docs/msys32/home/jdgal/esp/Projects/myBlink/build/freertos\libfreertos.a(tasks.o)
                                 0x94 (size before relaxing)
                0x400850c8                xTaskCheckForTimeOut
 *fill*         0x40085151        0x3 
 .text.vTaskPriorityInherit
                0x40085154       0xc4 D:/Docs/msys32/home/jdgal/esp/Projects/myBlink/build/freertos\libfreertos.a(tasks.o)
                                 0xdb (size before relaxing)
                0x40085154                vTaskPriorityInherit
 *fill*         0x40085218        0x0 
 .text.xTaskPriorityDisinherit
                0x40085218       0x97 D:/Docs/msys32/home/jdgal/esp/Projects/myBlink/build/freertos\libfreertos.a(tasks.o)
                                 0xaa (size before relaxing)
                0x40085218                xTaskPriorityDisinherit
 *fill*         0x400852af        0x1 
 .text.pvTaskIncrementMutexHeldCount
                0x400852b0       0x50 D:/Docs/msys32/home/jdgal/esp/Projects/myBlink/build/freertos\libfreertos.a(tasks.o)
                                 0x54 (size before relaxing)
                0x400852b0                pvTaskIncrementMutexHeldCount
 .text.pxPortInitialiseStack
                0x40085300       0x86 D:/Docs/msys32/home/jdgal/esp/Projects/myBlink/build/freertos\libfreertos.a(port.o)
                0x40085300                pxPortInitialiseStack
 *fill*         0x40085386        0x2 
 .text.xPortStartScheduler
                0x40085388       0x22 D:/Docs/msys32/home/jdgal/esp/Projects/myBlink/build/freertos\libfreertos.a(port.o)
                                 0x2e (size before relaxing)
                0x40085388                xPortStartScheduler
 *fill*         0x400853aa        0x2 
 .text.xPortSysTickHandler
                0x400853ac       0x10 D:/Docs/msys32/home/jdgal/esp/Projects/myBlink/build/freertos\libfreertos.a(port.o)
                                 0x16 (size before relaxing)
                0x400853ac                xPortSysTickHandler
 *fill*         0x400853bc        0x0 
 .text.vPortYieldOtherCore
                0x400853bc        0xa D:/Docs/msys32/home/jdgal/esp/Projects/myBlink/build/freertos\libfreertos.a(port.o)
                                  0xe (size before relaxing)
                0x400853bc                vPortYieldOtherCore
 *fill*         0x400853c6        0x2 
 .text.vPortReleaseTaskMPUSettings
                0x400853c8        0xa D:/Docs/msys32/home/jdgal/esp/Projects/myBlink/build/freertos\libfreertos.a(port.o)
                                  0xe (size before relaxing)
                0x400853c8                vPortReleaseTaskMPUSettings
 *fill*         0x400853d2        0x2 
 .text.xPortInIsrContext
                0x400853d4       0x26 D:/Docs/msys32/home/jdgal/esp/Projects/myBlink/build/freertos\libfreertos.a(port.o)
                0x400853d4                xPortInIsrContext
 *fill*         0x400853fa        0x2 
 .text.vPortCPUInitializeMutex
                0x400853fc        0xe D:/Docs/msys32/home/jdgal/esp/Projects/myBlink/build/freertos\libfreertos.a(port.o)
                0x400853fc                vPortCPUInitializeMutex
 *fill*         0x4008540a        0x2 
 .text.vPortCPUAcquireMutex
                0x4008540c       0x81 D:/Docs/msys32/home/jdgal/esp/Projects/myBlink/build/freertos\libfreertos.a(port.o)
                                 0x88 (size before relaxing)
                0x4008540c                vPortCPUAcquireMutex
 *fill*         0x4008548d        0x3 
 .text.vPortCPUReleaseMutex
                0x40085490       0x4d D:/Docs/msys32/home/jdgal/esp/Projects/myBlink/build/freertos\libfreertos.a(port.o)
                                 0x50 (size before relaxing)
                0x40085490                vPortCPUReleaseMutex
 *fill*         0x400854dd        0x3 
 .text._xt_tick_divisor_init
                0x400854e0       0x1c D:/Docs/msys32/home/jdgal/esp/Projects/myBlink/build/freertos\libfreertos.a(xtensa_init.o)
                                 0x1f (size before relaxing)
                0x400854e0                _xt_tick_divisor_init
 *fill*         0x400854fc        0x0 
 .text.prvIsQueueFull
                0x400854fc       0x2a D:/Docs/msys32/home/jdgal/esp/Projects/myBlink/build/freertos\libfreertos.a(queue.o)
 *fill*         0x40085526        0x2 
 .text.prvCopyDataToQueue
                0x40085528       0x9e D:/Docs/msys32/home/jdgal/esp/Projects/myBlink/build/freertos\libfreertos.a(queue.o)
 *fill*         0x400855c6        0x2 
 .text.prvNotifyQueueSetContainer
                0x400855c8       0x77 D:/Docs/msys32/home/jdgal/esp/Projects/myBlink/build/freertos\libfreertos.a(queue.o)
                                 0x8a (size before relaxing)
 *fill*         0x4008563f        0x1 
 .text.prvCopyDataFromQueue
                0x40085640       0x24 D:/Docs/msys32/home/jdgal/esp/Projects/myBlink/build/freertos\libfreertos.a(queue.o)
 .text.xQueueGenericReset
                0x40085664       0x86 D:/Docs/msys32/home/jdgal/esp/Projects/myBlink/build/freertos\libfreertos.a(queue.o)
                                 0x96 (size before relaxing)
                0x40085664                xQueueGenericReset
 *fill*         0x400856ea        0x2 
 .text.prvInitialiseNewQueue
                0x400856ec       0x1f D:/Docs/msys32/home/jdgal/esp/Projects/myBlink/build/freertos\libfreertos.a(queue.o)
                                 0x23 (size before relaxing)
 *fill*         0x4008570b        0x1 
 .text.xQueueGenericCreate
                0x4008570c       0x49 D:/Docs/msys32/home/jdgal/esp/Projects/myBlink/build/freertos\libfreertos.a(queue.o)
                                 0x4d (size before relaxing)
                0x4008570c                xQueueGenericCreate
 *fill*         0x40085755        0x3 
 .text.xQueueGetMutexHolder
                0x40085758       0x23 D:/Docs/msys32/home/jdgal/esp/Projects/myBlink/build/freertos\libfreertos.a(queue.o)
                0x40085758                xQueueGetMutexHolder
 *fill*         0x4008577b        0x1 
 .text.xQueueCreateCountingSemaphore
                0x4008577c       0x66 D:/Docs/msys32/home/jdgal/esp/Projects/myBlink/build/freertos\libfreertos.a(queue.o)
                                 0x6a (size before relaxing)
                0x4008577c                xQueueCreateCountingSemaphore
 *fill*         0x400857e2        0x2 
 .text.xQueueGenericSend
                0x400857e4      0x158 D:/Docs/msys32/home/jdgal/esp/Projects/myBlink/build/freertos\libfreertos.a(queue.o)
                                0x18c (size before relaxing)
                0x400857e4                xQueueGenericSend
 .text.prvInitialiseMutex
                0x4008593c       0x22 D:/Docs/msys32/home/jdgal/esp/Projects/myBlink/build/freertos\libfreertos.a(queue.o)
                                 0x26 (size before relaxing)
 *fill*         0x4008595e        0x2 
 .text.xQueueCreateMutex
                0x40085960       0x16 D:/Docs/msys32/home/jdgal/esp/Projects/myBlink/build/freertos\libfreertos.a(queue.o)
                                 0x1a (size before relaxing)
                0x40085960                xQueueCreateMutex
 *fill*         0x40085976        0x2 
 .text.xQueueGiveMutexRecursive
                0x40085978       0x48 D:/Docs/msys32/home/jdgal/esp/Projects/myBlink/build/freertos\libfreertos.a(queue.o)
                                 0x4c (size before relaxing)
                0x40085978                xQueueGiveMutexRecursive
 .text.xQueueGenericSendFromISR
                0x400859c0       0xd6 D:/Docs/msys32/home/jdgal/esp/Projects/myBlink/build/freertos\libfreertos.a(queue.o)
                                 0xe6 (size before relaxing)
                0x400859c0                xQueueGenericSendFromISR
 *fill*         0x40085a96        0x2 
 .text.xQueueGiveFromISR
                0x40085a98       0xb6 D:/Docs/msys32/home/jdgal/esp/Projects/myBlink/build/freertos\libfreertos.a(queue.o)
                                 0xc2 (size before relaxing)
                0x40085a98                xQueueGiveFromISR
 *fill*         0x40085b4e        0x2 
 .text.xQueueGenericReceive
                0x40085b50      0x144 D:/Docs/msys32/home/jdgal/esp/Projects/myBlink/build/freertos\libfreertos.a(queue.o)
                                0x178 (size before relaxing)
                0x40085b50                xQueueGenericReceive
 .text.xQueueTakeMutexRecursive
                0x40085c94       0x51 D:/Docs/msys32/home/jdgal/esp/Projects/myBlink/build/freertos\libfreertos.a(queue.o)
                0x40085c94                xQueueTakeMutexRecursive
 *fill*         0x40085ce5        0x3 
 .text.xQueueReceiveFromISR
                0x40085ce8       0x96 D:/Docs/msys32/home/jdgal/esp/Projects/myBlink/build/freertos\libfreertos.a(queue.o)
                                 0xa6 (size before relaxing)
                0x40085ce8                xQueueReceiveFromISR
 *fill*         0x40085d7e        0x2 
 .text.vQueueDelete
                0x40085d80       0x28 D:/Docs/msys32/home/jdgal/esp/Projects/myBlink/build/freertos\libfreertos.a(queue.o)
                0x40085d80                vQueueDelete
 .text.vQueueWaitForMessageRestricted
                0x40085da8       0x23 D:/Docs/msys32/home/jdgal/esp/Projects/myBlink/build/freertos\libfreertos.a(queue.o)
                                 0x2a (size before relaxing)
                0x40085da8                vQueueWaitForMessageRestricted
 *fill*         0x40085dcb        0x1 
 .text.xt_unhandled_interrupt
                0x40085dcc       0x16 D:/Docs/msys32/home/jdgal/esp/Projects/myBlink/build/freertos\libfreertos.a(xtensa_intr.o)
                0x40085dcc                xt_unhandled_interrupt
 *fill*         0x40085de2        0x2 
 .text.xt_set_interrupt_handler
                0x40085de4       0x46 D:/Docs/msys32/home/jdgal/esp/Projects/myBlink/build/freertos\libfreertos.a(xtensa_intr.o)
                0x40085de4                xt_set_interrupt_handler
 *fill*         0x40085e2a        0x2 
 .text          0x40085e2c      0x1d0 D:/Docs/msys32/home/jdgal/esp/Projects/myBlink/build/freertos\libfreertos.a(portasm.o)
                0x40085e2c                _frxt_setup_switch
                0x40085e44                _frxt_int_enter
                0x40085e8c                _frxt_int_exit
                0x40085edc                _frxt_timer_int
                0x40085f04                _frxt_tick_timer_init
                0x40085f1c                _frxt_dispatch
                0x40085f64                vPortYield
                0x40085fb0                vPortYieldFromInt
                0x40085fd0                _frxt_task_coproc_state
 .text          0x40085ffc      0x12b D:/Docs/msys32/home/jdgal/esp/Projects/myBlink/build/freertos\libfreertos.a(xtensa_context.o)
                0x40085ffc                _xt_context_save
                0x40086064                _xt_context_restore
                0x400860a8                _xt_coproc_init
                0x400860bc                _xt_coproc_release
                0x400860e8                _xt_coproc_savecs
                0x40086108                _xt_coproc_restorecs
 *fill*         0x40086127        0x1 
 .text.prvGetNextExpireTime
                0x40086128       0x20 D:/Docs/msys32/home/jdgal/esp/Projects/myBlink/build/freertos\libfreertos.a(timers.o)
 .text.prvInsertTimerInActiveList
                0x40086148       0x50 D:/Docs/msys32/home/jdgal/esp/Projects/myBlink/build/freertos\libfreertos.a(timers.o)
                                 0x54 (size before relaxing)
 .text.prvCheckForValidListAndQueue
                0x40086198       0x66 D:/Docs/msys32/home/jdgal/esp/Projects/myBlink/build/freertos\libfreertos.a(timers.o)
                                 0x7e (size before relaxing)
 *fill*         0x400861fe        0x2 
 .text.xTimerCreateTimerTask
                0x40086200       0x48 D:/Docs/msys32/home/jdgal/esp/Projects/myBlink/build/freertos\libfreertos.a(timers.o)
                                 0x4c (size before relaxing)
                0x40086200                xTimerCreateTimerTask
 .text.xTimerGenericCommand
                0x40086248       0x55 D:/Docs/msys32/home/jdgal/esp/Projects/myBlink/build/freertos\libfreertos.a(timers.o)
                                 0x5d (size before relaxing)
                0x40086248                xTimerGenericCommand
 *fill*         0x4008629d        0x3 
 .text.prvSwitchTimerLists
                0x400862a0       0x76 D:/Docs/msys32/home/jdgal/esp/Projects/myBlink/build/freertos\libfreertos.a(timers.o)
                                 0x82 (size before relaxing)
 *fill*         0x40086316        0x2 
 .text.prvSampleTimeNow
                0x40086318       0x2b D:/Docs/msys32/home/jdgal/esp/Projects/myBlink/build/freertos\libfreertos.a(timers.o)
                                 0x2f (size before relaxing)
 *fill*         0x40086343        0x1 
 .text.prvProcessExpiredTimer
                0x40086344       0x53 D:/Docs/msys32/home/jdgal/esp/Projects/myBlink/build/freertos\libfreertos.a(timers.o)
                                 0x5f (size before relaxing)
 *fill*         0x40086397        0x1 
 .text.prvProcessTimerOrBlockTask
                0x40086398       0x58 D:/Docs/msys32/home/jdgal/esp/Projects/myBlink/build/freertos\libfreertos.a(timers.o)
                                 0x6c (size before relaxing)
 .text.prvProcessReceivedCommands
                0x400863f0       0xd6 D:/Docs/msys32/home/jdgal/esp/Projects/myBlink/build/freertos\libfreertos.a(timers.o)
                                 0xe6 (size before relaxing)
 *fill*         0x400864c6        0x2 
 .text.prvTimerTask
                0x400864c8       0x15 D:/Docs/msys32/home/jdgal/esp/Projects/myBlink/build/freertos\libfreertos.a(timers.o)
                                 0x1d (size before relaxing)
 *fill*         0x400864dd        0x0 
 *fill*         0x400864dd        0x0 
 *fill*         0x400864dd        0x0 
 *fill*         0x400864dd        0x0 
 *fill*         0x400864dd        0x0 
 *fill*         0x400864dd        0x0 
 *fill*         0x400864dd        0x0 
 *fill*         0x400864dd        0x0 
 *fill*         0x400864dd        0x0 
 *fill*         0x400864dd        0x0 
 *fill*         0x400864dd        0x0 
 *fill*         0x400864dd        0x0 
 *fill*         0x400864dd        0x0 
 *fill*         0x400864dd        0x0 
 *fill*         0x400864dd        0x0 
 *fill*         0x400864dd        0x0 
 *fill*         0x400864dd        0x0 
 *fill*         0x400864dd        0x0 
 *fill*         0x400864dd        0x0 
 *fill*         0x400864dd        0x0 
 *fill*         0x400864dd        0x0 
 *fill*         0x400864dd        0x0 
 *fill*         0x400864dd        0x0 
 *fill*         0x400864dd        0x0 
 *fill*         0x400864dd        0x0 
 *fill*         0x400864dd        0x0 
 *fill*         0x400864dd        0x0 
 *fill*         0x400864dd        0x0 
 *fill*         0x400864dd        0x0 
 *fill*         0x400864dd        0x0 
 *fill*         0x400864dd        0x0 
 *fill*         0x400864dd        0x0 
 *fill*         0x400864dd        0x3 
 .text.vPortStoreTaskMPUSettings
                0x400864e0       0x13 D:/Docs/msys32/home/jdgal/esp/Projects/myBlink/build/freertos\libfreertos.a(port.o)
                0x400864e0                vPortStoreTaskMPUSettings
 *fill*         0x400864f3        0x0 
 *fill*         0x400864f3        0x0 
 *fill*         0x400864f3        0x0 
 *fill*         0x400864f3        0x0 
 *fill*         0x400864f3        0x1 
 .text.vListInitialise
                0x400864f4       0x15 D:/Docs/msys32/home/jdgal/esp/Projects/myBlink/build/freertos\libfreertos.a(list.o)
                0x400864f4                vListInitialise
 *fill*         0x40086509        0x3 
 .text.vListInitialiseItem
                0x4008650c        0x9 D:/Docs/msys32/home/jdgal/esp/Projects/myBlink/build/freertos\libfreertos.a(list.o)
                0x4008650c                vListInitialiseItem
 *fill*         0x40086515        0x3 
 .text.vListInsertEnd
                0x40086518       0x1b D:/Docs/msys32/home/jdgal/esp/Projects/myBlink/build/freertos\libfreertos.a(list.o)
                0x40086518                vListInsertEnd
 *fill*         0x40086533        0x1 
 .text.vListInsert
                0x40086534       0x2f D:/Docs/msys32/home/jdgal/esp/Projects/myBlink/build/freertos\libfreertos.a(list.o)
                0x40086534                vListInsert
 *fill*         0x40086563        0x1 
 .text.uxListRemove
                0x40086564       0x26 D:/Docs/msys32/home/jdgal/esp/Projects/myBlink/build/freertos\libfreertos.a(list.o)
                0x40086564                uxListRemove
 *fill*         0x4008658a        0x2 
 .text.prvIsQueueEmpty
                0x4008658c       0x12 D:/Docs/msys32/home/jdgal/esp/Projects/myBlink/build/freertos\libfreertos.a(queue.o)
 *fill*         0x4008659e        0x0 
 *fill*         0x4008659e        0x0 
 *fill*         0x4008659e        0x0 
 *fill*         0x4008659e        0x0 
 *fill*         0x4008659e        0x0 
 *fill*         0x4008659e        0x0 
 *fill*         0x4008659e        0x0 
 *fill*         0x4008659e        0x0 
 *fill*         0x4008659e        0x0 
 *fill*         0x4008659e        0x0 
 *fill*         0x4008659e        0x0 
 *fill*         0x4008659e        0x0 
 *fill*         0x4008659e        0x0 
 *fill*         0x4008659e        0x0 
 *fill*         0x4008659e        0x0 
 *fill*         0x4008659e        0x0 
 *fill*         0x4008659e        0x0 
 *fill*         0x4008659e        0x0 
 *fill*         0x4008659e        0x2 
 .text          0x400865a0       0x33 D:/Docs/msys32/home/jdgal/esp/Projects/myBlink/build/freertos\libfreertos.a(xtensa_intr_asm.o)
                0x400865a0                xt_ints_on
                0x400865b8                xt_ints_off
 *fill*         0x400865d3        0x0 
 *fill*         0x400865d3        0x0 
 *fill*         0x400865d3        0x0 
 *fill*         0x400865d3        0x0 
 *fill*         0x400865d3        0x0 
 *fill*         0x400865d3        0x0 
 *fill*         0x400865d3        0x0 
 *libheap.a:multi_heap.o(.literal .text .literal.* .text.*)
 *fill*         0x400865d3        0x1 
 .text.get_prev_free_block
                0x400865d4       0x68 D:/Docs/msys32/home/jdgal/esp/Projects/myBlink/build/heap\libheap.a(multi_heap.o)
                                 0x77 (size before relaxing)
 *fill*         0x4008663c        0x0 
 .text.split_if_necessary
                0x4008663c      0x138 D:/Docs/msys32/home/jdgal/esp/Projects/myBlink/build/heap\libheap.a(multi_heap.o)
                                0x148 (size before relaxing)
 .text.assert_valid_block
                0x40086774       0xb0 D:/Docs/msys32/home/jdgal/esp/Projects/myBlink/build/heap\libheap.a(multi_heap.o)
                                 0xb4 (size before relaxing)
 .text.merge_adjacent
                0x40086824      0x12c D:/Docs/msys32/home/jdgal/esp/Projects/myBlink/build/heap\libheap.a(multi_heap.o)
                                0x140 (size before relaxing)
 .text.multi_heap_get_allocated_size_impl
                0x40086950       0x38 D:/Docs/msys32/home/jdgal/esp/Projects/myBlink/build/heap\libheap.a(multi_heap.o)
                                 0x3c (size before relaxing)
                0x40086950                multi_heap_get_allocated_size_impl
                0x40086950                multi_heap_get_allocated_size
 .text.multi_heap_malloc_impl
                0x40086988      0x110 D:/Docs/msys32/home/jdgal/esp/Projects/myBlink/build/heap\libheap.a(multi_heap.o)
                                0x120 (size before relaxing)
                0x40086988                multi_heap_malloc_impl
                0x40086988                multi_heap_malloc
 .text.multi_heap_free_impl
                0x40086a98      0x130 D:/Docs/msys32/home/jdgal/esp/Projects/myBlink/build/heap\libheap.a(multi_heap.o)
                                0x14c (size before relaxing)
                0x40086a98                multi_heap_free_impl
                0x40086a98                multi_heap_free
 .text.multi_heap_realloc_impl
                0x40086bc8      0x258 D:/Docs/msys32/home/jdgal/esp/Projects/myBlink/build/heap\libheap.a(multi_heap.o)
                                0x274 (size before relaxing)
                0x40086bc8                multi_heap_realloc_impl
                0x40086bc8                multi_heap_realloc
 *fill*         0x40086e20        0x0 
 *fill*         0x40086e20        0x0 
 .text.multi_heap_register_impl
                0x40086e20       0x51 D:/Docs/msys32/home/jdgal/esp/Projects/myBlink/build/heap\libheap.a(multi_heap.o)
                0x40086e20                multi_heap_register
                0x40086e20                multi_heap_register_impl
 *fill*         0x40086e71        0x3 
 .text.multi_heap_set_lock
                0x40086e74        0x7 D:/Docs/msys32/home/jdgal/esp/Projects/myBlink/build/heap\libheap.a(multi_heap.o)
                0x40086e74                multi_heap_set_lock
 *fill*         0x40086e7b        0x0 
 *libheap.a:multi_heap_poisoning.o(.literal .text .literal.* .text.*)
 *libesp32.a:panic.o(.literal .text .literal.* .text.*)
 *fill*         0x40086e7b        0x1 
 .text.panicPutChar
                0x40086e7c       0x1e D:/Docs/msys32/home/jdgal/esp/Projects/myBlink/build/esp32\libesp32.a(panic.o)
 *fill*         0x40086e9a        0x2 
 .text.panicPutStr
                0x40086e9c       0x1a D:/Docs/msys32/home/jdgal/esp/Projects/myBlink/build/esp32\libesp32.a(panic.o)
 *fill*         0x40086eb6        0x2 
 .text.panicPutHex
                0x40086eb8       0x2c D:/Docs/msys32/home/jdgal/esp/Projects/myBlink/build/esp32\libesp32.a(panic.o)
                                 0x2f (size before relaxing)
 *fill*         0x40086ee4        0x0 
 .text.panicPutDec
                0x40086ee4       0x3c D:/Docs/msys32/home/jdgal/esp/Projects/myBlink/build/esp32\libesp32.a(panic.o)
                                 0x46 (size before relaxing)
 *fill*         0x40086f20        0x0 
 .text.reconfigureAllWdts
                0x40086f20       0xa8 D:/Docs/msys32/home/jdgal/esp/Projects/myBlink/build/esp32\libesp32.a(panic.o)
 .text.putEntry
                0x40086fc8       0x2b D:/Docs/msys32/home/jdgal/esp/Projects/myBlink/build/esp32\libesp32.a(panic.o)
                                 0x37 (size before relaxing)
 *fill*         0x40086ff3        0x1 
 .text.doBacktrace
                0x40086ff4       0x71 D:/Docs/msys32/home/jdgal/esp/Projects/myBlink/build/esp32\libesp32.a(panic.o)